Component: ARM Compiler 5.06 update 6 (build 750) Tool: armlink [4d35ed]

==============================================================================

Section Cross References

    stm32_delay_asm.o(i._delay_ms) refers to dflt_clz.o(x$fpl$dflt) for __aeabi_i2d
    stm32_delay_asm.o(i._delay_ms) refers to dmul.o(x$fpl$dmul) for __aeabi_dmul
    stm32_delay_asm.o(i._delay_ms) refers to dfixu.o(x$fpl$dfixu) for __aeabi_d2uiz
    stm32_delay_asm.o(i._delay_ms) refers to stm32_delay_asm.o(.emb_text) for _delay_loop
    stm32_delay_asm.o(i._delay_ms) refers to stm32_delay_asm.o(.data) for sys_clk_var
    stm32_delay_asm.o(i._delay_us) refers to stm32_delay_asm.o(.emb_text) for _delay_loop
    stm32_delay_asm.o(i._delay_us) refers to stm32_delay_asm.o(.data) for sys_clk_var
    stm32_delay_asm.o(i.delay_init) refers to system_stm32f10x.o(i.SystemCoreClockUpdate) for SystemCoreClockUpdate
    stm32_delay_asm.o(i.delay_init) refers to dflt_clz.o(x$fpl$dfltu) for __aeabi_ui2d
    stm32_delay_asm.o(i.delay_init) refers to ddiv.o(x$fpl$ddiv) for __aeabi_ddiv
    stm32_delay_asm.o(i.delay_init) refers to dfixu.o(x$fpl$dfixu) for __aeabi_d2uiz
    stm32_delay_asm.o(i.delay_init) refers to system_stm32f10x.o(.data) for SystemCoreClock
    stm32_delay_asm.o(i.delay_init) refers to stm32_delay_asm.o(.data) for sys_clk_var
    tft_spi.o(i.Switch) refers to tft_spi.o(.data) for zero
    tft_spi.o(i.Switch) refers to tft_spi.o(.bss) for num_arr
    tft_spi.o(i.gpio_all_outOD) refers to stm32f10x_rcc.o(i.RCC_APB2PeriphClockCmd) for RCC_APB2PeriphClockCmd
    tft_spi.o(i.gpio_all_outOD) refers to tft_spi.o(i.gpio_config) for gpio_config
    tft_spi.o(i.gpio_all_outPP) refers to stm32f10x_rcc.o(i.RCC_APB2PeriphClockCmd) for RCC_APB2PeriphClockCmd
    tft_spi.o(i.gpio_all_outPP) refers to tft_spi.o(i.gpio_config) for gpio_config
    tft_spi.o(i.gpio_config) refers to stm32f10x_gpio.o(i.GPIO_Init) for GPIO_Init
    tft_spi.o(i.tft_7x8) refers to tft_spi.o(i.Switch) for Switch
    tft_spi.o(i.tft_7x8) refers to tft_spi.o(i.tft_spi_command) for tft_spi_command
    tft_spi.o(i.tft_7x8) refers to tft_spi.o(i.tft_spi_data) for tft_spi_data
    tft_spi.o(i.tft_7x8) refers to tft_spi.o(.bss) for num_arr
    tft_spi.o(i.tft_7x8) refers to tft_spi.o(.data) for bgR
    tft_spi.o(i.tft_adr) refers to tft_spi.o(.data) for crdX
    tft_spi.o(i.tft_bgr) refers to tft_spi.o(i.tft_spi_command) for tft_spi_command
    tft_spi.o(i.tft_bgr) refers to tft_spi.o(i.tft_spi_data) for tft_spi_data
    tft_spi.o(i.tft_bgr) refers to tft_spi.o(.data) for bgR
    tft_spi.o(i.tft_bksps) refers to tft_spi.o(i.tft_7x8) for tft_7x8
    tft_spi.o(i.tft_bksps) refers to tft_spi.o(.data) for crdX
    tft_spi.o(i.tft_clear) refers to tft_spi.o(i.tft_bgr) for tft_bgr
    tft_spi.o(i.tft_clear) refers to tft_spi.o(i.tft_adr) for tft_adr
    tft_spi.o(i.tft_clear) refers to tft_spi.o(.data) for bgB
    tft_spi.o(i.tft_dec) refers to lludivv7m.o(.text) for __aeabi_uldivmod
    tft_spi.o(i.tft_dec) refers to tft_spi.o(i.tft_7x8) for tft_7x8
    tft_spi.o(i.tft_dec) refers to tft_spi.o(.data) for crdX
    tft_spi.o(i.tft_dec_value) refers to tft_spi.o(i.tft_w) for tft_w
    tft_spi.o(i.tft_dec_value) refers to tft_spi.o(i.tft_dec) for tft_dec
    tft_spi.o(i.tft_float_dec) refers to dleqf.o(x$fpl$dleqf) for __aeabi_cdcmple
    tft_spi.o(i.tft_float_dec) refers to tft_spi.o(i.tft_w) for tft_w
    tft_spi.o(i.tft_float_dec) refers to ddiv.o(x$fpl$ddiv) for __aeabi_ddiv
    tft_spi.o(i.tft_float_dec) refers to dfixull.o(x$fpl$llufromd) for __aeabi_d2ulz
    tft_spi.o(i.tft_float_dec) refers to dmul.o(x$fpl$dmul) for __aeabi_dmul
    tft_spi.o(i.tft_float_dec) refers to tft_spi.o(i.tft_dec) for tft_dec
    tft_spi.o(i.tft_float_dec) refers to dfltll_clz.o(x$fpl$dfltull) for __aeabi_ul2d
    tft_spi.o(i.tft_float_dec) refers to daddsub_clz.o(x$fpl$drsb) for __aeabi_drsub
    tft_spi.o(i.tft_float_dec_value) refers to tft_spi.o(i.tft_w) for tft_w
    tft_spi.o(i.tft_float_dec_value) refers to tft_spi.o(i.tft_float_dec) for tft_float_dec
    tft_spi.o(i.tft_hex) refers to lludivv7m.o(.text) for __aeabi_uldivmod
    tft_spi.o(i.tft_hex) refers to tft_spi.o(i.tft_7x8) for tft_7x8
    tft_spi.o(i.tft_hex) refers to tft_spi.o(.data) for crdX
    tft_spi.o(i.tft_hex_value) refers to tft_spi.o(i.tft_w) for tft_w
    tft_spi.o(i.tft_hex_value) refers to tft_spi.o(i.tft_hex) for tft_hex
    tft_spi.o(i.tft_init) refers to stm32_delay_asm.o(i._delay_ms) for _delay_ms
    tft_spi.o(i.tft_init) refers to tft_spi.o(i.tft_spi_command) for tft_spi_command
    tft_spi.o(i.tft_init) refers to tft_spi.o(i.tft_spi_data) for tft_spi_data
    tft_spi.o(i.tft_init) refers to tft_spi.o(i.tft_bgr) for tft_bgr
    tft_spi.o(i.tft_init_defaults) refers to tft_spi.o(i.tft_spi_init) for tft_spi_init
    tft_spi.o(i.tft_init_defaults) refers to tft_spi.o(i.tft_init) for tft_init
[...]
    libinit.o(.ARM.Collect$$libinit$$00000000) refers (Special) to libinit2.o(.ARM.Collect$$libinit$$00000011) for __rt_lib_init_lc_collate_1
    libinit.o(.ARM.Collect$$libinit$$00000000) refers (Special) to libinit2.o(.ARM.Collect$$libinit$$00000013) for __rt_lib_init_lc_ctype_1
    libinit.o(.ARM.Collect$$libinit$$00000000) refers (Special) to libinit2.o(.ARM.Collect$$libinit$$00000015) for __rt_lib_init_lc_monetary_1
    libinit.o(.ARM.Collect$$libinit$$00000000) refers (Special) to libinit2.o(.ARM.Collect$$libinit$$00000017) for __rt_lib_init_lc_numeric_1
    libinit.o(.ARM.Collect$$libinit$$00000000) refers (Special) to libinit2.o(.ARM.Collect$$libinit$$00000019) for __rt_lib_init_lc_time_1
    libinit.o(.ARM.Collect$$libinit$$00000000) refers (Special) to libinit2.o(.ARM.Collect$$libinit$$00000004) for __rt_lib_init_preinit_1
    libinit.o(.ARM.Collect$$libinit$$00000000) refers (Special) to libinit2.o(.ARM.Collect$$libinit$$0000000E) for __rt_lib_init_rand_1
    libinit.o(.ARM.Collect$$libinit$$00000000) refers (Special) to libinit2.o(.ARM.Collect$$libinit$$00000033) for __rt_lib_init_return
    libinit.o(.ARM.Collect$$libinit$$00000000) refers (Special) to libinit2.o(.ARM.Collect$$libinit$$0000001D) for __rt_lib_init_signal_1
    libinit.o(.ARM.Collect$$libinit$$00000000) refers (Special) to libinit2.o(.ARM.Collect$$libinit$$00000025) for __rt_lib_init_stdio_1
    libinit.o(.ARM.Collect$$libinit$$00000000) refers (Special) to libinit2.o(.ARM.Collect$$libinit$$0000000C) for __rt_lib_init_user_alloc_1
    libspace.o(.text) refers to libspace.o(.bss) for __libspace_start
    rtexit.o(.ARM.Collect$$rtexit$$00000000) refers (Special) to rtexit2.o(.ARM.Collect$$rtexit$$00000004) for __rt_exit_exit
    rtexit.o(.ARM.Collect$$rtexit$$00000000) refers (Special) to rtexit2.o(.ARM.Collect$$rtexit$$00000003) for __rt_exit_ls
    rtexit.o(.ARM.Collect$$rtexit$$00000000) refers (Special) to rtexit2.o(.ARM.Collect$$rtexit$$00000002) for __rt_exit_prels_1
    rtexit.o(.ARM.exidx) refers (Special) to rtexit2.o(.ARM.Collect$$rtexit$$00000004) for __rt_exit_exit
    rtexit.o(.ARM.exidx) refers (Special) to rtexit2.o(.ARM.Collect$$rtexit$$00000003) for __rt_exit_ls
    rtexit.o(.ARM.exidx) refers (Special) to rtexit2.o(.ARM.Collect$$rtexit$$00000002) for __rt_exit_prels_1
    rtexit.o(.ARM.exidx) refers to rtexit.o(.ARM.Collect$$rtexit$$00000000) for .ARM.Collect$$rtexit$$00000000
    rt_raise.o(.text) refers to __raise.o(.text) for __raise
    rt_raise.o(.text) refers to sys_exit.o(.text) for _sys_exit
    defsig_exit.o(.text) refers to sys_exit.o(.text) for _sys_exit
    defsig_fpe_inner.o(.text) refers to defsig_general.o(.text) for __default_signal_display
    libinit2.o(.ARM.Collect$$libinit$$00000010) refers to libinit2.o(.ARM.Collect$$libinit$$0000000F) for .ARM.Collect$$libinit$$0000000F
    libinit2.o(.ARM.Collect$$libinit$$00000012) refers to libinit2.o(.ARM.Collect$$libinit$$0000000F) for .ARM.Collect$$libinit$$0000000F
    libinit2.o(.ARM.Collect$$libinit$$00000014) refers to libinit2.o(.ARM.Collect$$libinit$$0000000F) for .ARM.Collect$$libinit$$0000000F
    libinit2.o(.ARM.Collect$$libinit$$00000016) refers to libinit2.o(.ARM.Collect$$libinit$$0000000F) for .ARM.Collect$$libinit$$0000000F
    libinit2.o(.ARM.Collect$$libinit$$00000018) refers to libinit2.o(.ARM.Collect$$libinit$$0000000F) for .ARM.Collect$$libinit$$0000000F
    libinit2.o(.ARM.Collect$$libinit$$00000026) refers to argv_veneer.o(.emb_text) for __ARM_argv_veneer
    libinit2.o(.ARM.Collect$$libinit$$00000027) refers to argv_veneer.o(.emb_text) for __ARM_argv_veneer
    sys_exit.o(.text) refers (Special) to use_no_semi.o(.text) for __I$use$semihosting
    sys_exit.o(.text) refers (Special) to indicate_semi.o(.text) for __semihosting_library_function
    rtexit2.o(.ARM.Collect$$rtexit$$00000003) refers to libshutdown.o(.ARM.Collect$$libshutdown$$00000000) for __rt_lib_shutdown
    rtexit2.o(.ARM.Collect$$rtexit$$00000004) refers to sys_exit.o(.text) for _sys_exit
    rtexit2.o(.ARM.exidx) refers to rtexit2.o(.ARM.Collect$$rtexit$$00000001) for .ARM.Collect$$rtexit$$00000001
    rtexit2.o(.ARM.exidx) refers to rtexit2.o(.ARM.Collect$$rtexit$$00000003) for .ARM.Collect$$rtexit$$00000003
    rtexit2.o(.ARM.exidx) refers to rtexit2.o(.ARM.Collect$$rtexit$$00000004) for .ARM.Collect$$rtexit$$00000004
    __raise.o(.text) refers to defsig.o(CL$$defsig) for __default_signal_handler
    defsig_general.o(.text) refers to sys_wrch.o(.text) for _ttywrch
    argv_veneer.o(.emb_text) refers to no_argv.o(.text) for __ARM_get_argv
    sys_wrch.o(.text) refers (Special) to use_no_semi.o(.text) for __I$use$semihosting
    sys_wrch.o(.text) refers (Special) to indicate_semi.o(.text) for __semihosting_library_function
    defsig.o(CL$$defsig) refers to defsig_fpe_inner.o(.text) for __rt_SIGFPE_inner
    defsig.o(CL$$defsig) refers to defsig_rtmem_inner.o(.text) for __rt_SIGRTMEM_inner
    _get_argv_nomalloc.o(.text) refers (Special) to hrguard.o(.text) for __heap_region$guard
    _get_argv_nomalloc.o(.text) refers to defsig_rtmem_outer.o(.text) for __rt_SIGRTMEM
    _get_argv_nomalloc.o(.text) refers to sys_command.o(.text) for _sys_command_string
    libshutdown.o(.ARM.Collect$$libshutdown$$00000000) refers (Special) to libshutdown2.o(.ARM.Collect$$libshutdown$$00000002) for __rt_lib_shutdown_cpp_1
    libshutdown.o(.ARM.Collect$$libshutdown$$00000000) refers (Special) to libshutdown2.o(.ARM.Collect$$libshutdown$$00000007) for __rt_lib_shutdown_fp_trap_1
    libshutdown.o(.ARM.Collect$$libshutdown$$00000000) refers (Special) to libshutdown2.o(.ARM.Collect$$libshutdown$$0000000F) for __rt_lib_shutdown_heap_1
    libshutdown.o(.ARM.Collect$$libshutdown$$00000000) refers (Special) to libshutdown2.o(.ARM.Collect$$libshutdown$$00000010) for __rt_lib_shutdown_return
    libshutdown.o(.ARM.Collect$$libshutdown$$00000000) refers (Special) to libshutdown2.o(.ARM.Collect$$libshutdown$$0000000A) for __rt_lib_shutdown_signal_1
    libshutdown.o(.ARM.Collect$$libshutdown$$00000000) refers (Special) to libshutdown2.o(.ARM.Collect$$libshutdown$$00000004) for __rt_lib_shutdown_stdio_1
    libshutdown.o(.ARM.Collect$$libshutdown$$00000000) refers (Special) to libshutdown2.o(.ARM.Collect$$libshutdown$$0000000C) for __rt_lib_shutdown_user_alloc_1
    sys_command.o(.text) refers (Special) to use_no_semi.o(.text) for __I$use$semihosting
    sys_command.o(.text) refers (Special) to indicate_semi.o(.text) for __semihosting_library_function
    defsig_abrt_inner.o(.text) refers to defsig_general.o(.text) for __default_signal_display
    defsig_rtred_inner.o(.text) refers to defsig_general.o(.text) for __default_signal_display
    defsig_rtmem_inner.o(.text) refers to defsig_general.o(.text) for __default_signal_display
    defsig_rtmem_outer.o(.text) refers to defsig_rtmem_inner.o(.text) for __rt_SIGRTMEM_inner
    defsig_rtmem_outer.o(.text) refers to defsig_exit.o(.text) for __sig_exit
    defsig_rtmem_formal.o(.text) refers to rt_raise.o(.text) for __rt_raise
    defsig_stak_inner.o(.text) refers to defsig_general.o(.text) for __default_signal_display
    defsig_pvfn_inner.o(.text) refers to defsig_general.o(.text) for __default_signal_display
    defsig_cppl_inner.o(.text) refers to defsig_general.o(.text) for __default_signal_display
    defsig_segv_inner.o(.text) refers to defsig_general.o(.text) for __default_signal_display
    defsig_other.o(.text) refers to defsig_general.o(.text) for __default_signal_display


==============================================================================

Removing Unused input sections from the image.

    Removing stm32_delay_asm.o(.rev16_text), (4 bytes).
    Removing stm32_delay_asm.o(.revsh_text), (4 bytes).
    Removing stm32_delay_asm.o(.rrx_text), (6 bytes).
    Removing tft_spi.o(.rev16_text), (4 bytes).
    Removing tft_spi.o(.revsh_text), (4 bytes).
    Removing tft_spi.o(.rrx_text), (6 bytes).
    Removing tft_spi.o(i.gpio_all_outOD), (64 bytes).
    Removing tft_spi.o(i.tft_pixel_color), (112 bytes).
    Removing tft_spi.o(i.tft_w_ascii), (14 bytes).
    Removing main.o(.rev16_text), (4 bytes).
    Removing main.o(.revsh_text), (4 bytes).
    Removing main.o(.rrx_text), (6 bytes).
    Removing main.o(i.chirp_freq_calc_khz), (40 bytes).
    Removing main.o(i.chirp_freq_inc_Mhz), (48 bytes).
    Removing main.o(i.chirp_stage_duration_calc_ms), (28 bytes).
    Removing main.o(i.chirp_stage_duration_calc_s), (28 bytes).
    Removing main.o(i.spi1_read_reg), (312 bytes).
    Removing misc.o(.rev16_text), (4 bytes).
    Removing misc.o(.revsh_text), (4 bytes).
    Removing misc.o(.rrx_text), (6 bytes).
    Removing misc.o(i.NVIC_Init), (112 bytes).
    Removing misc.o(i.NVIC_PriorityGroupConfig), (20 bytes).
    Removing misc.o(i.NVIC_SetVectorTable), (20 bytes).
    Removing misc.o(i.NVIC_SystemLPConfig), (32 bytes).
    Removing misc.o(i.SysTick_CLKSourceConfig), (40 bytes).
    Removing stm32f10x_gpio.o(.rev16_text), (4 bytes).
    Removing stm32f10x_gpio.o(.revsh_text), (4 bytes).
    Removing stm32f10x_gpio.o(.rrx_text), (6 bytes).
    Removing stm32f10x_gpio.o(i.GPIO_AFIODeInit), (20 bytes).
    Removing stm32f10x_gpio.o(i.GPIO_DeInit), (200 bytes).
    Removing stm32f10x_gpio.o(i.GPIO_ETH_MediaInterfaceConfig), (12 bytes).
    Removing stm32f10x_gpio.o(i.GPIO_EXTILineConfig), (64 bytes).
    Removing stm32f10x_gpio.o(i.GPIO_EventOutputCmd), (12 bytes).
    Removing stm32f10x_gpio.o(i.GPIO_EventOutputConfig), (32 bytes).
    Removing stm32f10x_gpio.o(i.GPIO_PinLockConfig), (18 bytes).
    Removing stm32f10x_gpio.o(i.GPIO_PinRemapConfig), (144 bytes).
    Removing stm32f10x_gpio.o(i.GPIO_ReadInputData), (8 bytes).
    Removing stm32f10x_gpio.o(i.GPIO_ReadInputDataBit), (18 bytes).
    Removing stm32f10x_gpio.o(i.GPIO_ReadOutputData), (8 bytes).
    Removing stm32f10x_gpio.o(i.GPIO_ReadOutputDataBit), (18 bytes).
    Removing stm32f10x_gpio.o(i.GPIO_ResetBits), (4 bytes).
    Removing stm32f10x_gpio.o(i.GPIO_SetBits), (4 bytes).
    Removing stm32f10x_gpio.o(i.GPIO_StructInit), (16 bytes).
    Removing stm32f10x_gpio.o(i.GPIO_Write), (4 bytes).
    Removing stm32f10x_gpio.o(i.GPIO_WriteBit), (10 bytes).
    Removing stm32f10x_rcc.o(.rev16_text), (4 bytes).
    Removing stm32f10x_rcc.o(.revsh_text), (4 bytes).
    Removing stm32f10x_rcc.o(.rrx_text), (6 bytes).
    Removing stm32f10x_rcc.o(i.RCC_ADCCLKConfig), (24 bytes).
    Removing stm32f10x_rcc.o(i.RCC_AHBPeriphClockCmd), (32 bytes).
    Removing stm32f10x_rcc.o(i.RCC_APB1PeriphResetCmd), (32 bytes).
    Removing stm32f10x_rcc.o(i.RCC_APB2PeriphResetCmd), (32 bytes).
    Removing stm32f10x_rcc.o(i.RCC_AdjustHSICalibrationValue), (24 bytes).
    Removing stm32f10x_rcc.o(i.RCC_BackupResetCmd), (12 bytes).
    Removing stm32f10x_rcc.o(i.RCC_ClearFlag), (20 bytes).
    Removing stm32f10x_rcc.o(i.RCC_ClearITPendingBit), (12 bytes).
    Removing stm32f10x_rcc.o(i.RCC_ClockSecuritySystemCmd), (12 bytes).
    Removing stm32f10x_rcc.o(i.RCC_DeInit), (76 bytes).
    Removing stm32f10x_rcc.o(i.RCC_GetClocksFreq), (212 bytes).
    Removing stm32f10x_rcc.o(i.RCC_GetFlagStatus), (60 bytes).
    Removing stm32f10x_rcc.o(i.RCC_GetITStatus), (24 bytes).
    Removing stm32f10x_rcc.o(i.RCC_GetSYSCLKSource), (16 bytes).
    Removing stm32f10x_rcc.o(i.RCC_HCLKConfig), (24 bytes).
    Removing stm32f10x_rcc.o(i.RCC_HSEConfig), (76 bytes).
    Removing stm32f10x_rcc.o(i.RCC_HSICmd), (12 bytes).
    Removing stm32f10x_rcc.o(i.RCC_ITConfig), (32 bytes).
    Removing stm32f10x_rcc.o(i.RCC_LSEConfig), (52 bytes).
    Removing stm32f10x_rcc.o(i.RCC_LSICmd), (12 bytes).
    Removing stm32f10x_rcc.o(i.RCC_MCOConfig), (12 bytes).
    Removing stm32f10x_rcc.o(i.RCC_PCLK1Config), (24 bytes).
    Removing stm32f10x_rcc.o(i.RCC_PCLK2Config), (24 bytes).
    Removing stm32f10x_rcc.o(i.RCC_PLLCmd), (12 bytes).
    Removing stm32f10x_rcc.o(i.RCC_PLLConfig), (28 bytes).
    Removing stm32f10x_rcc.o(i.RCC_RTCCLKCmd), (12 bytes).
    Removing stm32f10x_rcc.o(i.RCC_RTCCLKConfig), (16 bytes).
    Removing stm32f10x_rcc.o(i.RCC_SYSCLKConfig), (24 bytes).
    Removing stm32f10x_rcc.o(i.RCC_USBCLKConfig), (12 bytes).
    Removing stm32f10x_rcc.o(i.RCC_WaitForHSEStartUp), (56 bytes).
    Removing stm32f10x_rcc.o(.data), (20 bytes).
    Removing stm32f10x_spi.o(.rev16_text), (4 bytes).
    Removing stm32f10x_spi.o(.revsh_text), (4 bytes).
    Removing stm32f10x_spi.o(.rrx_text), (6 bytes).
    Removing stm32f10x_spi.o(i.I2S_Cmd), (24 bytes).
    Removing stm32f10x_spi.o(i.I2S_Init), (232 bytes).
    Removing stm32f10x_spi.o(i.I2S_StructInit), (20 bytes).
    Removing stm32f10x_spi.o(i.SPI_BiDirectionalLineConfig), (28 bytes).
    Removing stm32f10x_spi.o(i.SPI_CalculateCRC), (24 bytes).
    Removing stm32f10x_spi.o(i.SPI_DataSizeConfig), (18 bytes).
    Removing stm32f10x_spi.o(i.SPI_GetCRC), (16 bytes).
    Removing stm32f10x_spi.o(i.SPI_GetCRCPolynomial), (6 bytes).
    Removing stm32f10x_spi.o(i.SPI_I2S_ClearFlag), (6 bytes).
    Removing stm32f10x_spi.o(i.SPI_I2S_ClearITPendingBit), (20 bytes).
    Removing stm32f10x_spi.o(i.SPI_I2S_DMACmd), (18 bytes).
    Removing stm32f10x_spi.o(i.SPI_I2S_DeInit), (88 bytes).
    Removing stm32f10x_spi.o(i.SPI_I2S_GetFlagStatus), (18 bytes).
    Removing stm32f10x_spi.o(i.SPI_I2S_GetITStatus), (52 bytes).
    Removing stm32f10x_spi.o(i.SPI_I2S_ITConfig), (32 bytes).
    Removing stm32f10x_spi.o(i.SPI_I2S_ReceiveData), (6 bytes).
    Removing stm32f10x_spi.o(i.SPI_I2S_SendData), (4 bytes).
    Removing stm32f10x_spi.o(i.SPI_NSSInternalSoftwareConfig), (30 bytes).
    Removing stm32f10x_spi.o(i.SPI_SSOutputCmd), (24 bytes).
    Removing stm32f10x_spi.o(i.SPI_StructInit), (24 bytes).
    Removing stm32f10x_spi.o(i.SPI_TransmitCRC), (10 bytes).
    Removing stm32f10x_tim.o(.rev16_text), (4 bytes).
    Removing stm32f10x_tim.o(.revsh_text), (4 bytes).
    Removing stm32f10x_tim.o(.rrx_text), (6 bytes).
    Removing stm32f10x_tim.o(i.TI1_Config), (128 bytes).
    Removing stm32f10x_tim.o(i.TI2_Config), (152 bytes).
    Removing stm32f10x_tim.o(i.TI3_Config), (144 bytes).
    Removing stm32f10x_tim.o(i.TI4_Config), (152 bytes).
    Removing stm32f10x_tim.o(i.TIM_ARRPreloadConfig), (24 bytes).
    Removing stm32f10x_tim.o(i.TIM_BDTRConfig), (32 bytes).
    Removing stm32f10x_tim.o(i.TIM_BDTRStructInit), (18 bytes).
    Removing stm32f10x_tim.o(i.TIM_CCPreloadControl), (24 bytes).
    Removing stm32f10x_tim.o(i.TIM_CCxCmd), (30 bytes).
    Removing stm32f10x_tim.o(i.TIM_CCxNCmd), (30 bytes).
    Removing stm32f10x_tim.o(i.TIM_ClearFlag), (6 bytes).
    Removing stm32f10x_tim.o(i.TIM_ClearITPendingBit), (6 bytes).
    Removing stm32f10x_tim.o(i.TIM_ClearOC1Ref), (18 bytes).
    Removing stm32f10x_tim.o(i.TIM_ClearOC2Ref), (24 bytes).
    Removing stm32f10x_tim.o(i.TIM_ClearOC3Ref), (18 bytes).
    Removing stm32f10x_tim.o(i.TIM_ClearOC4Ref), (24 bytes).
    Removing stm32f10x_tim.o(i.TIM_Cmd), (24 bytes).
    Removing stm32f10x_tim.o(i.TIM_CounterModeConfig), (18 bytes).
    Removing stm32f10x_tim.o(i.TIM_CtrlPWMOutputs), (30 bytes).
    Removing stm32f10x_tim.o(i.TIM_DMACmd), (18 bytes).
    Removing stm32f10x_tim.o(i.TIM_DMAConfig), (10 bytes).
    Removing stm32f10x_tim.o(i.TIM_DeInit), (488 bytes).
    Removing stm32f10x_tim.o(i.TIM_ETRClockMode1Config), (54 bytes).
    Removing stm32f10x_tim.o(i.TIM_ETRClockMode2Config), (32 bytes).
    Removing stm32f10x_tim.o(i.TIM_ETRConfig), (28 bytes).
    Removing stm32f10x_tim.o(i.TIM_EncoderInterfaceConfig), (66 bytes).
    Removing stm32f10x_tim.o(i.TIM_ForcedOC1Config), (18 bytes).
    Removing stm32f10x_tim.o(i.TIM_ForcedOC2Config), (26 bytes).
    Removing stm32f10x_tim.o(i.TIM_ForcedOC3Config), (18 bytes).
    Removing stm32f10x_tim.o(i.TIM_ForcedOC4Config), (26 bytes).
    Removing stm32f10x_tim.o(i.TIM_GenerateEvent), (4 bytes).
    Removing stm32f10x_tim.o(i.TIM_GetCapture1), (6 bytes).
    Removing stm32f10x_tim.o(i.TIM_GetCapture2), (6 bytes).
    Removing stm32f10x_tim.o(i.TIM_GetCapture3), (6 bytes).
    Removing stm32f10x_tim.o(i.TIM_GetCapture4), (8 bytes).
    Removing stm32f10x_tim.o(i.TIM_GetCounter), (6 bytes).
    Removing stm32f10x_tim.o(i.TIM_GetFlagStatus), (18 bytes).
    Removing stm32f10x_tim.o(i.TIM_GetITStatus), (34 bytes).
    Removing stm32f10x_tim.o(i.TIM_GetPrescaler), (6 bytes).
    Removing stm32f10x_tim.o(i.TIM_ICInit), (172 bytes).
    Removing stm32f10x_tim.o(i.TIM_ICStructInit), (18 bytes).
    Removing stm32f10x_tim.o(i.TIM_ITConfig), (18 bytes).
    Removing stm32f10x_tim.o(i.TIM_ITRxExternalClockConfig), (24 bytes).
    Removing stm32f10x_tim.o(i.TIM_InternalClockConfig), (12 bytes).
    Removing stm32f10x_tim.o(i.TIM_OC1FastConfig), (18 bytes).
    Removing stm32f10x_tim.o(i.TIM_OC1Init), (152 bytes).
    Removing stm32f10x_tim.o(i.TIM_OC1NPolarityConfig), (18 bytes).
    Removing stm32f10x_tim.o(i.TIM_OC1PolarityConfig), (18 bytes).
    Removing stm32f10x_tim.o(i.TIM_OC1PreloadConfig), (18 bytes).
    Removing stm32f10x_tim.o(i.TIM_OC2FastConfig), (26 bytes).
    Removing stm32f10x_tim.o(i.TIM_OC2Init), (164 bytes).
    Removing stm32f10x_tim.o(i.TIM_OC2NPolarityConfig), (26 bytes).
    Removing stm32f10x_tim.o(i.TIM_OC2PolarityConfig), (26 bytes).
    Removing stm32f10x_tim.o(i.TIM_OC2PreloadConfig), (26 bytes).
    Removing stm32f10x_tim.o(i.TIM_OC3FastConfig), (18 bytes).
    Removing stm32f10x_tim.o(i.TIM_OC3Init), (160 bytes).
    Removing stm32f10x_tim.o(i.TIM_OC3NPolarityConfig), (26 bytes).
    Removing stm32f10x_tim.o(i.TIM_OC3PolarityConfig), (26 bytes).
    Removing stm32f10x_tim.o(i.TIM_OC3PreloadConfig), (18 bytes).
    Removing stm32f10x_tim.o(i.TIM_OC4FastConfig), (26 bytes).
    Removing stm32f10x_tim.o(i.TIM_OC4Init), (124 bytes).
    Removing stm32f10x_tim.o(i.TIM_OC4PolarityConfig), (26 bytes).
    Removing stm32f10x_tim.o(i.TIM_OC4PreloadConfig), (26 bytes).
    Removing stm32f10x_tim.o(i.TIM_OCStructInit), (20 bytes).
    Removing stm32f10x_tim.o(i.TIM_PWMIConfig), (124 bytes).
    Removing stm32f10x_tim.o(i.TIM_PrescalerConfig), (6 bytes).
    Removing stm32f10x_tim.o(i.TIM_SelectCCDMA), (24 bytes).
    Removing stm32f10x_tim.o(i.TIM_SelectCOM), (24 bytes).
    Removing stm32f10x_tim.o(i.TIM_SelectHallSensor), (24 bytes).
    Removing stm32f10x_tim.o(i.TIM_SelectInputTrigger), (18 bytes).
    Removing stm32f10x_tim.o(i.TIM_SelectMasterSlaveMode), (18 bytes).
    Removing stm32f10x_tim.o(i.TIM_SelectOCxM), (82 bytes).
    Removing stm32f10x_tim.o(i.TIM_SelectOnePulseMode), (18 bytes).
    Removing stm32f10x_tim.o(i.TIM_SelectOutputTrigger), (18 bytes).
    Removing stm32f10x_tim.o(i.TIM_SelectSlaveMode), (18 bytes).
    Removing stm32f10x_tim.o(i.TIM_SetAutoreload), (4 bytes).
    Removing stm32f10x_tim.o(i.TIM_SetClockDivision), (18 bytes).
    Removing stm32f10x_tim.o(i.TIM_SetCompare1), (4 bytes).
    Removing stm32f10x_tim.o(i.TIM_SetCompare2), (4 bytes).
    Removing stm32f10x_tim.o(i.TIM_SetCompare3), (4 bytes).
    Removing stm32f10x_tim.o(i.TIM_SetCompare4), (6 bytes).
    Removing stm32f10x_tim.o(i.TIM_SetCounter), (4 bytes).
    Removing stm32f10x_tim.o(i.TIM_SetIC1Prescaler), (18 bytes).
    Removing stm32f10x_tim.o(i.TIM_SetIC2Prescaler), (26 bytes).
    Removing stm32f10x_tim.o(i.TIM_SetIC3Prescaler), (18 bytes).
    Removing stm32f10x_tim.o(i.TIM_SetIC4Prescaler), (26 bytes).
    Removing stm32f10x_tim.o(i.TIM_TIxExternalClockConfig), (62 bytes).
    Removing stm32f10x_tim.o(i.TIM_TimeBaseInit), (164 bytes).
    Removing stm32f10x_tim.o(i.TIM_TimeBaseStructInit), (18 bytes).
    Removing stm32f10x_tim.o(i.TIM_UpdateDisableConfig), (24 bytes).
    Removing stm32f10x_tim.o(i.TIM_UpdateRequestConfig), (24 bytes).
    Removing system_stm32f10x.o(.rev16_text), (4 bytes).
    Removing system_stm32f10x.o(.revsh_text), (4 bytes).
    Removing system_stm32f10x.o(.rrx_text), (6 bytes).

200 unused section(s) (total 7108 bytes) removed from the image.

==============================================================================

Image Symbol Table

    Local Symbols

    Symbol Name                              Value     Ov Type        Size  Object(Section)

    ../clib/angel/boardlib.s                 0x00000000   Number         0  boardshut.o ABSOLUTE
    ../clib/angel/boardlib.s                 0x00000000   Number         0  boardinit1.o ABSOLUTE
    ../clib/angel/boardlib.s                 0x00000000   Number         0  boardinit2.o ABSOLUTE
    ../clib/angel/boardlib.s                 0x00000000   Number         0  boardinit3.o ABSOLUTE
    ../clib/angel/dclz77c.s                  0x00000000   Number         0  __dclz77c.o ABSOLUTE
    ../clib/angel/handlers.s                 0x00000000   Number         0  __scatter_zi.o ABSOLUTE
    ../clib/angel/kernel.s                   0x00000000   Number         0  __rtentry.o ABSOLUTE
    ../clib/angel/kernel.s                   0x00000000   Number         0  __rtentry4.o ABSOLUTE
    ../clib/angel/kernel.s                   0x00000000   Number         0  rtexit2.o ABSOLUTE
    ../clib/angel/kernel.s                   0x00000000   Number         0  __rtentry2.o ABSOLUTE
    ../clib/angel/kernel.s                   0x00000000   Number         0  rtexit.o ABSOLUTE
    ../clib/angel/rt.s                       0x00000000   Number         0  rt_div0.o ABSOLUTE
    ../clib/angel/rt.s                       0x00000000   Number         0  aeabi_ldiv0_sigfpe.o ABSOLUTE
    ../clib/angel/rt.s                       0x00000000   Number         0  aeabi_ldiv0.o ABSOLUTE
    ../clib/angel/rt.s                       0x00000000   Number         0  rt_raise.o ABSOLUTE
    ../clib/angel/scatter.s                  0x00000000   Number         0  __scatter.o ABSOLUTE
    ../clib/angel/startup.s                  0x00000000   Number         0  __main.o ABSOLUTE
    ../clib/angel/sys.s                      0x00000000   Number         0  use_no_semi.o ABSOLUTE
    ../clib/angel/sys.s                      0x00000000   Number         0  sys_stackheap_outer.o ABSOLUTE
    ../clib/angel/sys.s                      0x00000000   Number         0  indicate_semi.o ABSOLUTE
    ../clib/angel/sys.s                      0x00000000   Number         0  libspace.o ABSOLUTE
    ../clib/angel/sysapp.c                   0x00000000   Number         0  sys_exit.o ABSOLUTE
    ../clib/angel/sysapp.c                   0x00000000   Number         0  sys_command.o ABSOLUTE
    ../clib/angel/sysapp.c                   0x00000000   Number         0  sys_wrch.o ABSOLUTE
    ../clib/armsys.c                         0x00000000   Number         0  argv_veneer.o ABSOLUTE
    ../clib/armsys.c                         0x00000000   Number         0  no_argv.o ABSOLUTE
    ../clib/armsys.c                         0x00000000   Number         0  _get_argv_nomalloc.o ABSOLUTE
    ../clib/armsys.c                         0x00000000   Number         0  argv_veneer.o ABSOLUTE
    ../clib/heapalloc.c                      0x00000000   Number         0  hrguard.o ABSOLUTE
    ../clib/heapaux.c                        0x00000000   Number         0  heapauxi.o ABSOLUTE
    ../clib/libinit.s                        0x00000000   Number         0  libinit2.o ABSOLUTE
    ../clib/libinit.s                        0x00000000   Number         0  libinit.o ABSOLUTE
    ../clib/libinit.s                        0x00000000   Number         0  libshutdown2.o ABSOLUTE
    ../clib/libinit.s                        0x00000000   Number         0  libshutdown.o ABSOLUTE
    ../clib/longlong.s                       0x00000000   Number         0  lludivv7m.o ABSOLUTE
    ../clib/longlong.s                       0x00000000   Number         0  llushr.o ABSOLUTE
    ../clib/signal.c                         0x00000000   Number         0  defsig_general.o ABSOLUTE
    ../clib/signal.c                         0x00000000   Number         0  defsig_fpe_formal.o ABSOLUTE
    ../clib/signal.c                         0x00000000   Number         0  defsig_pvfn_inner.o ABSOLUTE
    ../clib/signal.c                         0x00000000   Number         0  defsig_segv_inner.o ABSOLUTE
    ../clib/signal.c                         0x00000000   Number         0  defsig_other.o ABSOLUTE
    ../clib/signal.c                         0x00000000   Number         0  defsig_rtmem_formal.o ABSOLUTE
    ../clib/signal.c                         0x00000000   Number         0  defsig_rtmem_outer.o ABSOLUTE
    ../clib/signal.c                         0x00000000   Number         0  defsig_rtmem_inner.o ABSOLUTE
    ../clib/signal.c                         0x00000000   Number         0  defsig_rtred_inner.o ABSOLUTE
    ../clib/signal.c                         0x00000000   Number         0  defsig_abrt_inner.o ABSOLUTE
    ../clib/signal.c                         0x00000000   Number         0  __raise.o ABSOLUTE
    ../clib/signal.c                         0x00000000   Number         0  defsig_fpe_outer.o ABSOLUTE
    ../clib/signal.c                         0x00000000   Number         0  defsig_stak_inner.o ABSOLUTE
    ../clib/signal.c                         0x00000000   Number         0  defsig_fpe_inner.o ABSOLUTE
    ../clib/signal.c                         0x00000000   Number         0  defsig_exit.o ABSOLUTE
    ../clib/signal.c                         0x00000000   Number         0  defsig_cppl_inner.o ABSOLUTE
    ../clib/signal.s                         0x00000000   Number         0  defsig.o ABSOLUTE
    ../clib/stdlib.c                         0x00000000   Number         0  exit.o ABSOLUTE
    ../clib/string.c                         0x00000000   Number         0  strlen.o ABSOLUTE
    ../fplib/daddsub.s                       0x00000000   Number         0  daddsub_clz.o ABSOLUTE
    ../fplib/dcmpi.s                         0x00000000   Number         0  dcmpi.o ABSOLUTE
    ../fplib/ddiv.s                          0x00000000   Number         0  ddiv.o ABSOLUTE
    ../fplib/dfixu.s                         0x00000000   Number         0  dfixu.o ABSOLUTE
    ../fplib/dfixull.s                       0x00000000   Number         0  dfixull.o ABSOLUTE
    ../fplib/dflt.s                          0x00000000   Number         0  dflt_clz.o ABSOLUTE
    ../fplib/dfltll.s                        0x00000000   Number         0  dfltll_clz.o ABSOLUTE
    ../fplib/dleqf.s                         0x00000000   Number         0  dleqf.o ABSOLUTE
    ../fplib/dmul.s                          0x00000000   Number         0  dmul.o ABSOLUTE
    ../fplib/dnaninf.s                       0x00000000   Number         0  dnaninf.o ABSOLUTE
    ../fplib/dretinf.s                       0x00000000   Number         0  dretinf.o ABSOLUTE
    ../fplib/fpinit.s                        0x00000000   Number         0  fpinit.o ABSOLUTE
    ../fplib/usenofp.s                       0x00000000   Number         0  usenofp.o ABSOLUTE
    0src\1508pl8_regs.c                      0x00000000   Number         0  1508pl8_regs.o ABSOLUTE
    0src\TFT_SPI.c                           0x00000000   Number         0  tft_spi.o ABSOLUTE
    0src\\TFT_SPI.c                          0x00000000   Number         0  tft_spi.o ABSOLUTE
    0src\\stm32_delay_asm.c                  0x00000000   Number         0  stm32_delay_asm.o ABSOLUTE
    0src\stm32_delay_asm.c                   0x00000000   Number         0  stm32_delay_asm.o ABSOLUTE
    C:\Keil_v5\ARM\PACK\Keil\STM32F1xx_DFP\2.2.0\Device\StdPeriph_Driver\src\misc.c 0x00000000   Number         0  misc.o ABSOLUTE
    C:\Keil_v5\ARM\PACK\Keil\STM32F1xx_DFP\2.2.0\Device\StdPeriph_Driver\src\stm32f10x_gpio.c 0x00000000   Number         0  stm32f10x_gpio.o ABSOLUTE
    C:\Keil_v5\ARM\PACK\Keil\STM32F1xx_DFP\2.2.0\Device\StdPeriph_Driver\src\stm32f10x_rcc.c 0x00000000   Number         0  stm32f10x_rcc.o ABSOLUTE
    C:\Keil_v5\ARM\PACK\Keil\STM32F1xx_DFP\2.2.0\Device\StdPeriph_Driver\src\stm32f10x_spi.c 0x00000000   Number         0  stm32f10x_spi.o ABSOLUTE
    C:\Keil_v5\ARM\PACK\Keil\STM32F1xx_DFP\2.2.0\Device\StdPeriph_Driver\src\stm32f10x_tim.c 0x00000000   Number         0  stm32f10x_tim.o ABSOLUTE
    C:\\Keil_v5\\ARM\\PACK\\Keil\\STM32F1xx_DFP\\2.2.0\\Device\\StdPeriph_Driver\\src\\misc.c 0x00000000   Number         0  misc.o ABSOLUTE
    C:\\Keil_v5\\ARM\\PACK\\Keil\\STM32F1xx_DFP\\2.2.0\\Device\\StdPeriph_Driver\\src\\stm32f10x_gpio.c 0x00000000   Number         0  stm32f10x_gpio.o ABSOLUTE
    C:\\Keil_v5\\ARM\\PACK\\Keil\\STM32F1xx_DFP\\2.2.0\\Device\\StdPeriph_Driver\\src\\stm32f10x_rcc.c 0x00000000   Number         0  stm32f10x_rcc.o ABSOLUTE
    C:\\Keil_v5\\ARM\\PACK\\Keil\\STM32F1xx_DFP\\2.2.0\\Device\\StdPeriph_Driver\\src\\stm32f10x_spi.c 0x00000000   Number         0  stm32f10x_spi.o ABSOLUTE
    C:\\Keil_v5\\ARM\\PACK\\Keil\\STM32F1xx_DFP\\2.2.0\\Device\\StdPeriph_Driver\\src\\stm32f10x_tim.c 0x00000000   Number         0  stm32f10x_tim.o ABSOLUTE
    RTE\Device\STM32F103C8\startup_stm32f10x_md.s 0x00000000   Number         0  startup_stm32f10x_md.o ABSOLUTE
    RTE\Device\STM32F103C8\system_stm32f10x.c 0x00000000   Number         0  system_stm32f10x.o ABSOLUTE
    RTE\\Device\\STM32F103C8\\system_stm32f10x.c 0x00000000   Number         0  system_stm32f10x.o ABSOLUTE
    dc.s                                     0x00000000   Number         0  dc.o ABSOLUTE
    main.c                                   0x00000000   Number         0  main.o ABSOLUTE
    main.c                                   0x00000000   Number         0  main.o ABSOLUTE
    RESET                                    0x08000000   Section      236  startup_stm32f10x_md.o(RESET)
    !!!main                                  0x080000ec   Section        8  __main.o(!!!main)
    !!!scatter                               0x080000f4   Section       52  __scatter.o(!!!scatter)
    !!dclz77c                                0x08000128   Section      100  __dclz77c.o(!!dclz77c)
    !!handler_zi                             0x0800018c   Section       28  __scatter_zi.o(!!handler_zi)
    .ARM.Collect$$libinit$$00000000          0x080001a8   Section        2  libinit.o(.ARM.Collect$$libinit$$00000000)
    .ARM.Collect$$libinit$$00000002          0x080001aa   Section        0  libinit2.o(.ARM.Collect$$libinit$$00000002)
    .ARM.Collect$$libinit$$00000004          0x080001aa   Section        0  libinit2.o(.ARM.Collect$$libinit$$00000004)
    .ARM.Collect$$libinit$$0000000A          0x080001aa   Section        0  libinit2.o(.ARM.Collect$$libinit$$0000000A)
    .ARM.Collect$$libinit$$0000000C          0x080001aa   Section        0  libinit2.o(.ARM.Collect$$libinit$$0000000C)
    .ARM.Collect$$libinit$$0000000E          0x080001aa   Section        0  libinit2.o(.ARM.Collect$$libinit$$0000000E)
    .ARM.Collect$$libinit$$00000011          0x080001aa   Section        0  libinit2.o(.ARM.Collect$$libinit$$00000011)
    .ARM.Collect$$libinit$$00000013          0x080001aa   Section        0  libinit2.o(.ARM.Collect$$libinit$$00000013)
    .ARM.Collect$$libinit$$00000015          0x080001aa   Section        0  libinit2.o(.ARM.Collect$$libinit$$00000015)
    .ARM.Collect$$libinit$$00000017          0x080001aa   Section        0  libinit2.o(.ARM.Collect$$libinit$$00000017)
    .ARM.Collect$$libinit$$00000019          0x080001aa   Section        0  libinit2.o(.ARM.Collect$$libinit$$00000019)
    .ARM.Collect$$libinit$$0000001B          0x080001aa   Section        0  libinit2.o(.ARM.Collect$$libinit$$0000001B)
    .ARM.Collect$$libinit$$0000001D          0x080001aa   Section        0  libinit2.o(.ARM.Collect$$libinit$$0000001D)
    .ARM.Collect$$libinit$$0000001F          0x080001aa   Section        0  libinit2.o(.ARM.Collect$$libinit$$0000001F)
    .ARM.Collect$$libinit$$00000021          0x080001aa   Section        0  libinit2.o(.ARM.Collect$$libinit$$00000021)
    .ARM.Collect$$libinit$$00000023          0x080001aa   Section        0  libinit2.o(.ARM.Collect$$libinit$$00000023)
    .ARM.Collect$$libinit$$00000025          0x080001aa   Section        0  libinit2.o(.ARM.Collect$$libinit$$00000025)
    .ARM.Collect$$libinit$$0000002C          0x080001aa   Section        0  libinit2.o(.ARM.Collect$$libinit$$0000002C)
    .ARM.Collect$$libinit$$0000002E          0x080001aa   Section        0  libinit2.o(.ARM.Collect$$libinit$$0000002E)
    .ARM.Collect$$libinit$$00000030          0x080001aa   Section        0  libinit2.o(.ARM.Collect$$libinit$$00000030)
    .ARM.Collect$$libinit$$00000032          0x080001aa   Section        0  libinit2.o(.ARM.Collect$$libinit$$00000032)
    .ARM.Collect$$libinit$$00000033          0x080001aa   Section        2  libinit2.o(.ARM.Collect$$libinit$$00000033)
    .ARM.Collect$$libshutdown$$00000000      0x080001ac   Section        2  libshutdown.o(.ARM.Collect$$libshutdown$$00000000)
    .ARM.Collect$$libshutdown$$00000002      0x080001ae   Section        0  libshutdown2.o(.ARM.Collect$$libshutdown$$00000002)
    .ARM.Collect$$libshutdown$$00000004      0x080001ae   Section        0  libshutdown2.o(.ARM.Collect$$libshutdown$$00000004)
    .ARM.Collect$$libshutdown$$00000007      0x080001ae   Section        0  libshutdown2.o(.ARM.Collect$$libshutdown$$00000007)
    .ARM.Collect$$libshutdown$$0000000A      0x080001ae   Section        0  libshutdown2.o(.ARM.Collect$$libshutdown$$0000000A)
    .ARM.Collect$$libshutdown$$0000000C      0x080001ae   Section        0  libshutdown2.o(.ARM.Collect$$libshutdown$$0000000C)
    .ARM.Collect$$libshutdown$$0000000F      0x080001ae   Section        0  libshutdown2.o(.ARM.Collect$$libshutdown$$0000000F)
    .ARM.Collect$$libshutdown$$00000010      0x080001ae   Section        2  libshutdown2.o(.ARM.Collect$$libshutdown$$00000010)
    .ARM.Collect$$rtentry$$00000000          0x080001b0   Section        0  __rtentry.o(.ARM.Collect$$rtentry$$00000000)
    .ARM.Collect$$rtentry$$00000002          0x080001b0   Section        0  __rtentry2.o(.ARM.Collect$$rtentry$$00000002)
    .ARM.Collect$$rtentry$$00000004          0x080001b0   Section        6  __rtentry4.o(.ARM.Collect$$rtentry$$00000004)
    .ARM.Collect$$rtentry$$00000009          0x080001b6   Section        0  __rtentry2.o(.ARM.Collect$$rtentry$$00000009)
    .ARM.Collect$$rtentry$$0000000A          0x080001b6   Section        4  __rtentry2.o(.ARM.Collect$$rtentry$$0000000A)
    .ARM.Collect$$rtentry$$0000000C          0x080001ba   Section        0  __rtentry2.o(.ARM.Collect$$rtentry$$0000000C)
    .ARM.Collect$$rtentry$$0000000D          0x080001ba   Section        8  __rtentry2.o(.ARM.Collect$$rtentry$$0000000D)
    .ARM.Collect$$rtexit$$00000000           0x080001c2   Section        2  rtexit.o(.ARM.Collect$$rtexit$$00000000)
    .ARM.Collect$$rtexit$$00000002           0x080001c4   Section        0  rtexit2.o(.ARM.Collect$$rtexit$$00000002)
    .ARM.Collect$$rtexit$$00000003           0x080001c4   Section        4  rtexit2.o(.ARM.Collect$$rtexit$$00000003)
    .ARM.Collect$$rtexit$$00000004           0x080001c8   Section        6  rtexit2.o(.ARM.Collect$$rtexit$$00000004)
    .emb_text                                0x080001d0   Section        6  stm32_delay_asm.o(.emb_text)
    .text                                    0x080001d8   Section       64  startup_stm32f10x_md.o(.text)
    .text                                    0x08000218   Section      238  lludivv7m.o(.text)
    .text                                    0x08000306   Section       38  llushr.o(.text)
    .text                                    0x0800032c   Section        0  strlen.o(.text)
    .text                                    0x0800036a   Section        0  heapauxi.o(.text)
    .text                                    0x08000370   Section       74  sys_stackheap_outer.o(.text)
    .text                                    0x080003ba   Section        0  exit.o(.text)
    .text                                    0x080003cc   Section        8  libspace.o(.text)
    .text                                    0x080003d4   Section        0  sys_exit.o(.text)
    .text                                    0x080003e0   Section        2  use_no_semi.o(.text)
    .text                                    0x080003e2   Section        0  indicate_semi.o(.text)
    i.GPIO_Init                              0x080003e2   Section        0  stm32f10x_gpio.o(i.GPIO_Init)
    i.RCC_APB1PeriphClockCmd                 0x080004f8   Section        0  stm32f10x_rcc.o(i.RCC_APB1PeriphClockCmd)
    i.RCC_APB2PeriphClockCmd                 0x08000518   Section        0  stm32f10x_rcc.o(i.RCC_APB2PeriphClockCmd)
    i.SPI_Cmd                                0x08000538   Section        0  stm32f10x_spi.o(i.SPI_Cmd)
    i.SPI_Init                               0x08000550   Section        0  stm32f10x_spi.o(i.SPI_Init)
    i.SetSysClock                            0x0800058c   Section        0  system_stm32f10x.o(i.SetSysClock)
    SetSysClock                              0x0800058d   Thumb Code     8  system_stm32f10x.o(i.SetSysClock)
    i.SetSysClockTo72                        0x08000594   Section        0  system_stm32f10x.o(i.SetSysClockTo72)
    SetSysClockTo72                          0x08000595   Thumb Code   214  system_stm32f10x.o(i.SetSysClockTo72)
    i.Switch                                 0x08000674   Section        0  tft_spi.o(i.Switch)
    i.SystemCoreClockUpdate                  0x08000cc8   Section        0  system_stm32f10x.o(i.SystemCoreClockUpdate)
    i.SystemInit                             0x08000d6c   Section        0  system_stm32f10x.o(i.SystemInit)
    i._1508pl8_reg_init                      0x08000dcc   Section        0  1508pl8_regs.o(i._1508pl8_reg_init)
    i._delay_ms                              0x08000f68   Section        0  stm32_delay_asm.o(i._delay_ms)
    i._delay_us                              0x08000fb0   Section        0  stm32_delay_asm.o(i._delay_us)
    i.chirp_freq_calc_Mhz                    0x08000fd0   Section        0  main.o(i.chirp_freq_calc_Mhz)
    i.chirp_freq_calc_hz                     0x08000ff8   Section        0  main.o(i.chirp_freq_calc_hz)
    i.chirp_freq_inc_hz                      0x08001110   Section        0  main.o(i.chirp_freq_inc_hz)
    i.chirp_freq_inc_khz                     0x08001200   Section        0  main.o(i.chirp_freq_inc_khz)
    i.chirp_input_code_converter             0x08001230   Section        0  main.o(i.chirp_input_code_converter)
    i.chirp_stage_duration_calc_ns           0x080012e8   Section        0  main.o(i.chirp_stage_duration_calc_ns)
    i.chirp_stage_duration_calc_us           0x08001328   Section        0  main.o(i.chirp_stage_duration_calc_us)
    i.delay_init                             0x08001350   Section        0  stm32_delay_asm.o(i.delay_init)
    i.gpio_all_outPP                         0x08001384   Section        0  tft_spi.o(i.gpio_all_outPP)
    i.gpio_config                            0x080013c4   Section        0  tft_spi.o(i.gpio_config)
    i.main                                   0x080013e0   Section        0  main.o(i.main)
    i.spi1_init                              0x0800178c   Section        0  main.o(i.spi1_init)
    i.spi1_write_reg                         0x08001848   Section        0  main.o(i.spi1_write_reg)
    i.tft_7x8                                0x08001954   Section        0  tft_spi.o(i.tft_7x8)
    i.tft_adr                                0x08001a3c   Section        0  tft_spi.o(i.tft_adr)
    i.tft_bgr                                0x08001a50   Section        0  tft_spi.o(i.tft_bgr)
    i.tft_bksps                              0x08001ad8   Section        0  tft_spi.o(i.tft_bksps)
    i.tft_clear                              0x08001b14   Section        0  tft_spi.o(i.tft_clear)
    i.tft_dec                                0x08001b3c   Section        0  tft_spi.o(i.tft_dec)
    i.tft_dec_value                          0x08001bfc   Section        0  tft_spi.o(i.tft_dec_value)
    i.tft_float_dec                          0x08001c14   Section        0  tft_spi.o(i.tft_float_dec)
    i.tft_float_dec_value                    0x08001ce0   Section        0  tft_spi.o(i.tft_float_dec_value)
    i.tft_hex                                0x08001d00   Section        0  tft_spi.o(i.tft_hex)
    i.tft_hex_value                          0x08001dd8   Section        0  tft_spi.o(i.tft_hex_value)
    i.tft_init                               0x08001df0   Section        0  tft_spi.o(i.tft_init)
    i.tft_init_defaults                      0x08001e70   Section        0  tft_spi.o(i.tft_init_defaults)
    i.tft_newl                               0x08001e88   Section        0  tft_spi.o(i.tft_newl)
    i.tft_spi_command                        0x08001eb4   Section        0  tft_spi.o(i.tft_spi_command)
    i.tft_spi_data                           0x08001f28   Section        0  tft_spi.o(i.tft_spi_data)
    i.tft_spi_init                           0x08001f9c   Section        0  tft_spi.o(i.tft_spi_init)
    i.tft_w                                  0x08002044   Section        0  tft_spi.o(i.tft_w)
    x$fpl$dadd                               0x08002100   Section      336  daddsub_clz.o(x$fpl$dadd)
    _dadd1                                   0x08002111   Thumb Code     0  daddsub_clz.o(x$fpl$dadd)
    x$fpl$dcmpinf                            0x08002250   Section       24  dcmpi.o(x$fpl$dcmpinf)
    x$fpl$ddiv                               0x08002268   Section      688  ddiv.o(x$fpl$ddiv)
    ddiv_entry                               0x0800226f   Thumb Code     0  ddiv.o(x$fpl$ddiv)
    x$fpl$dfixu                              0x08002518   Section       90  dfixu.o(x$fpl$dfixu)
    x$fpl$dflt                               0x08002572   Section       46  dflt_clz.o(x$fpl$dflt)
    x$fpl$dfltu                              0x080025a0   Section       38  dflt_clz.o(x$fpl$dfltu)
    x$fpl$dfltull                            0x080025c8   Section      138  dfltll_clz.o(x$fpl$dfltull)
    x$fpl$dleqf                              0x08002654   Section      120  dleqf.o(x$fpl$dleqf)
    x$fpl$dmul                               0x080026cc   Section      340  dmul.o(x$fpl$dmul)
    x$fpl$dnaninf                            0x08002820   Section      156  dnaninf.o(x$fpl$dnaninf)
    x$fpl$dretinf                            0x080028bc   Section       12  dretinf.o(x$fpl$dretinf)
    x$fpl$drsb                               0x080028c8   Section       22  daddsub_clz.o(x$fpl$drsb)
    x$fpl$dsub                               0x080028e0   Section      468  daddsub_clz.o(x$fpl$dsub)
    _dsub1                                   0x080028f1   Thumb Code     0  daddsub_clz.o(x$fpl$dsub)
    x$fpl$llufromd                           0x08002ab4   Section      120  dfixull.o(x$fpl$llufromd)
    x$fpl$usenofp                            0x08002b2c   Section        0  usenofp.o(x$fpl$usenofp)
    .data                                    0x20000000   Section        8  stm32_delay_asm.o(.data)
    .data                                    0x20000008   Section      865  tft_spi.o(.data)
    .data                                    0x2000036c   Section        4  1508pl8_regs.o(.data)
    .data                                    0x20000370   Section        6  main.o(.data)
    .data                                    0x20000378   Section       20  system_stm32f10x.o(.data)
    .bss                                     0x2000038c   Section       20  tft_spi.o(.bss)
    .bss                                     0x200003a0   Section     1792  1508pl8_regs.o(.bss)
    .bss                                     0x20000aa0   Section       96  libspace.o(.bss)
    HEAP                                     0x20000b00   Section      512  startup_stm32f10x_md.o(HEAP)
    Heap_Mem                                 0x20000b00   Data         512  startup_stm32f10x_md.o(HEAP)
    STACK                                    0x20000d00   Section     1024  startup_stm32f10x_md.o(STACK)
    Stack_Mem                                0x20000d00   Data        1024  startup_stm32f10x_md.o(STACK)
    __initial_sp                             0x20001100   Data           0  startup_stm32f10x_md.o(STACK)

    Global Symbols

    Symbol Name                              Value     Ov Type        Size  Object(Section)

    BuildAttributes$$THM_ISAv4$P$D$K$B$S$PE$A:L22UL41UL21$X:L11$S22US41US21$IEEE1$IW$USESV6$~STKCKD$USESV7$~SHL$OSPACE$ROPI$EBA8$UX$STANDARDLIB$REQ8$PRES8$EABIv2 0x00000000   Number         0  anon$$obj.o ABSOLUTE
    __ARM_use_no_argv                        0x00000000   Number         0  main.o ABSOLUTE
    __ARM_exceptions_init                     - Undefined Weak Reference
    __alloca_initialize                       - Undefined Weak Reference
    __arm_preinit_                            - Undefined Weak Reference
    __cpp_initialize__aeabi_                  - Undefined Weak Reference
    __cxa_finalize                            - Undefined Weak Reference
    __rt_locale                               - Undefined Weak Reference
    __sigvec_lookup                           - Undefined Weak Reference
    _atexit_init                              - Undefined Weak Reference
    _call_atexit_fns                          - Undefined Weak Reference
    _clock_init                               - Undefined Weak Reference
    _fp_trap_init                             - Undefined Weak Reference
    _fp_trap_shutdown                         - Undefined Weak Reference
    _get_lc_collate                           - Undefined Weak Reference
    _get_lc_ctype                             - Undefined Weak Reference
    _get_lc_monetary                          - Undefined Weak Reference
    _get_lc_numeric                           - Undefined Weak Reference
    _get_lc_time                              - Undefined Weak Reference
    _getenv_init                              - Undefined Weak Reference
    _handle_redirection                       - Undefined Weak Reference
    _init_alloc                               - Undefined Weak Reference
    _init_user_alloc                          - Undefined Weak Reference
    _initio                                   - Undefined Weak Reference
    _rand_init                                - Undefined Weak Reference
    _signal_finish                            - Undefined Weak Reference
    _signal_init                              - Undefined Weak Reference
    _terminate_alloc                          - Undefined Weak Reference
    _terminate_user_alloc                     - Undefined Weak Reference
    _terminateio                              - Undefined Weak Reference
    __Vectors_Size                           0x000000ec   Number         0  startup_stm32f10x_md.o ABSOLUTE
    __Vectors                                0x08000000   Data           4  startup_stm32f10x_md.o(RESET)
    __Vectors_End                            0x080000ec   Data           0  startup_stm32f10x_md.o(RESET)
    __main                                   0x080000ed   Thumb Code     8  __main.o(!!!main)
    __scatterload                            0x080000f5   Thumb Code     0  __scatter.o(!!!scatter)
    __scatterload_rt2                        0x080000f5   Thumb Code    44  __scatter.o(!!!scatter)
    __scatterload_rt2_thumb_only             0x080000f5   Thumb Code     0  __scatter.o(!!!scatter)
    __scatterload_null                       0x08000103   Thumb Code     0  __scatter.o(!!!scatter)
    __decompress                             0x08000129   Thumb Code   100  __dclz77c.o(!!dclz77c)
    __decompress2                            0x08000129   Thumb Code     0  __dclz77c.o(!!dclz77c)
    __scatterload_zeroinit                   0x0800018d   Thumb Code    28  __scatter_zi.o(!!handler_zi)
    __rt_lib_init                            0x080001a9   Thumb Code     0  libinit.o(.ARM.Collect$$libinit$$00000000)
    __rt_lib_init_alloca_1                   0x080001ab   Thumb Code     0  libinit2.o(.ARM.Collect$$libinit$$0000002E)
    __rt_lib_init_argv_1                     0x080001ab   Thumb Code     0  libinit2.o(.ARM.Collect$$libinit$$0000002C)
    __rt_lib_init_atexit_1                   0x080001ab   Thumb Code     0  libinit2.o(.ARM.Collect$$libinit$$0000001B)
    __rt_lib_init_clock_1                    0x080001ab   Thumb Code     0  libinit2.o(.ARM.Collect$$libinit$$00000021)
    __rt_lib_init_cpp_1                      0x080001ab   Thumb Code     0  libinit2.o(.ARM.Collect$$libinit$$00000032)
    __rt_lib_init_exceptions_1               0x080001ab   Thumb Code     0  libinit2.o(.ARM.Collect$$libinit$$00000030)
    __rt_lib_init_fp_1                       0x080001ab   Thumb Code     0  libinit2.o(.ARM.Collect$$libinit$$00000002)
    __rt_lib_init_fp_trap_1                  0x080001ab   Thumb Code     0  libinit2.o(.ARM.Collect$$libinit$$0000001F)
    __rt_lib_init_getenv_1                   0x080001ab   Thumb Code     0  libinit2.o(.ARM.Collect$$libinit$$00000023)
    __rt_lib_init_heap_1                     0x080001ab   Thumb Code     0  libinit2.o(.ARM.Collect$$libinit$$0000000A)
    __rt_lib_init_lc_collate_1               0x080001ab   Thumb Code     0  libinit2.o(.ARM.Collect$$libinit$$00000011)
    __rt_lib_init_lc_ctype_1                 0x080001ab   Thumb Code     0  libinit2.o(.ARM.Collect$$libinit$$00000013)
    __rt_lib_init_lc_monetary_1              0x080001ab   Thumb Code     0  libinit2.o(.ARM.Collect$$libinit$$00000015)
    __rt_lib_init_lc_numeric_1               0x080001ab   Thumb Code     0  libinit2.o(.ARM.Collect$$libinit$$00000017)
    __rt_lib_init_lc_time_1                  0x080001ab   Thumb Code     0  libinit2.o(.ARM.Collect$$libinit$$00000019)
    __rt_lib_init_preinit_1                  0x080001ab   Thumb Code     0  libinit2.o(.ARM.Collect$$libinit$$00000004)
    __rt_lib_init_rand_1                     0x080001ab   Thumb Code     0  libinit2.o(.ARM.Collect$$libinit$$0000000E)
    __rt_lib_init_return                     0x080001ab   Thumb Code     0  libinit2.o(.ARM.Collect$$libinit$$00000033)
    __rt_lib_init_signal_1                   0x080001ab   Thumb Code     0  libinit2.o(.ARM.Collect$$libinit$$0000001D)
    __rt_lib_init_stdio_1                    0x080001ab   Thumb Code     0  libinit2.o(.ARM.Collect$$libinit$$00000025)
    __rt_lib_init_user_alloc_1               0x080001ab   Thumb Code     0  libinit2.o(.ARM.Collect$$libinit$$0000000C)
    __rt_lib_shutdown                        0x080001ad   Thumb Code     0  libshutdown.o(.ARM.Collect$$libshutdown$$00000000)
    __rt_lib_shutdown_cpp_1                  0x080001af   Thumb Code     0  libshutdown2.o(.ARM.Collect$$libshutdown$$00000002)
    __rt_lib_shutdown_fp_trap_1              0x080001af   Thumb Code     0  libshutdown2.o(.ARM.Collect$$libshutdown$$00000007)
    __rt_lib_shutdown_heap_1                 0x080001af   Thumb Code     0  libshutdown2.o(.ARM.Collect$$libshutdown$$0000000F)
    __rt_lib_shutdown_return                 0x080001af   Thumb Code     0  libshutdown2.o(.ARM.Collect$$libshutdown$$00000010)
    __rt_lib_shutdown_signal_1               0x080001af   Thumb Code     0  libshutdown2.o(.ARM.Collect$$libshutdown$$0000000A)
    __rt_lib_shutdown_stdio_1                0x080001af   Thumb Code     0  libshutdown2.o(.ARM.Collect$$libshutdown$$00000004)
    __rt_lib_shutdown_user_alloc_1           0x080001af   Thumb Code     0  libshutdown2.o(.ARM.Collect$$libshutdown$$0000000C)
    __rt_entry                               0x080001b1   Thumb Code     0  __rtentry.o(.ARM.Collect$$rtentry$$00000000)
    __rt_entry_presh_1                       0x080001b1   Thumb Code     0  __rtentry2.o(.ARM.Collect$$rtentry$$00000002)
    __rt_entry_sh                            0x080001b1   Thumb Code     0  __rtentry4.o(.ARM.Collect$$rtentry$$00000004)
    __rt_entry_li                            0x080001b7   Thumb Code     0  __rtentry2.o(.ARM.Collect$$rtentry$$0000000A)
    __rt_entry_postsh_1                      0x080001b7   Thumb Code     0  __rtentry2.o(.ARM.Collect$$rtentry$$00000009)
    __rt_entry_main                          0x080001bb   Thumb Code     0  __rtentry2.o(.ARM.Collect$$rtentry$$0000000D)
    __rt_entry_postli_1                      0x080001bb   Thumb Code     0  __rtentry2.o(.ARM.Collect$$rtentry$$0000000C)
    __rt_exit                                0x080001c3   Thumb Code     0  rtexit.o(.ARM.Collect$$rtexit$$00000000)
    __rt_exit_ls                             0x080001c5   Thumb Code     0  rtexit2.o(.ARM.Collect$$rtexit$$00000003)
    __rt_exit_prels_1                        0x080001c5   Thumb Code     0  rtexit2.o(.ARM.Collect$$rtexit$$00000002)
    __rt_exit_exit                           0x080001c9   Thumb Code     0  rtexit2.o(.ARM.Collect$$rtexit$$00000004)
    _delay_loop                              0x080001d1   Thumb Code     6  stm32_delay_asm.o(.emb_text)
    Reset_Handler                            0x080001d9   Thumb Code     8  startup_stm32f10x_md.o(.text)
    NMI_Handler                              0x080001e1   Thumb Code     2  startup_stm32f10x_md.o(.text)
    HardFault_Handler                        0x080001e3   Thumb Code     2  startup_stm32f10x_md.o(.text)
    MemManage_Handler                        0x080001e5   Thumb Code     2  startup_stm32f10x_md.o(.text)
    BusFault_Handler                         0x080001e7   Thumb Code     2  startup_stm32f10x_md.o(.text)
    UsageFault_Handler                       0x080001e9   Thumb Code     2  startup_stm32f10x_md.o(.text)
    SVC_Handler                              0x080001eb   Thumb Code     2  startup_stm32f10x_md.o(.text)
    DebugMon_Handler                         0x080001ed   Thumb Code     2  startup_stm32f10x_md.o(.text)
    PendSV_Handler                           0x080001ef   Thumb Code     2  startup_stm32f10x_md.o(.text)
    SysTick_Handler                          0x080001f1   Thumb Code     2  startup_stm32f10x_md.o(.text)
    ADC1_2_IRQHandler                        0x080001f3   Thumb Code     0  startup_stm32f10x_md.o(.text)
    CAN1_RX1_IRQHandler                      0x080001f3   Thumb Code     0  startup_stm32f10x_md.o(.text)
    CAN1_SCE_IRQHandler                      0x080001f3   Thumb Code     0  startup_stm32f10x_md.o(.text)
    DMA1_Channel1_IRQHandler                 0x080001f3   Thumb Code     0  startup_stm32f10x_md.o(.text)
    DMA1_Channel2_IRQHandler                 0x080001f3   Thumb Code     0  startup_stm32f10x_md.o(.text)
    DMA1_Channel3_IRQHandler                 0x080001f3   Thumb Code     0  startup_stm32f10x_md.o(.text)
    DMA1_Channel4_IRQHandler                 0x080001f3   Thumb Code     0  startup_stm32f10x_md.o(.text)
    DMA1_Channel5_IRQHandler                 0x080001f3   Thumb Code     0  startup_stm32f10x_md.o(.text)
    DMA1_Channel6_IRQHandler                 0x080001f3   Thumb Code     0  startup_stm32f10x_md.o(.text)
    DMA1_Channel7_IRQHandler                 0x080001f3   Thumb Code     0  startup_stm32f10x_md.o(.text)
    EXTI0_IRQHandler                         0x080001f3   Thumb Code     0  startup_stm32f10x_md.o(.text)
    EXTI15_10_IRQHandler                     0x080001f3   Thumb Code     0  startup_stm32f10x_md.o(.text)
    EXTI1_IRQHandler                         0x080001f3   Thumb Code     0  startup_stm32f10x_md.o(.text)
    EXTI2_IRQHandler                         0x080001f3   Thumb Code     0  startup_stm32f10x_md.o(.text)
    EXTI3_IRQHandler                         0x080001f3   Thumb Code     0  startup_stm32f10x_md.o(.text)
    EXTI4_IRQHandler                         0x080001f3   Thumb Code     0  startup_stm32f10x_md.o(.text)
    EXTI9_5_IRQHandler                       0x080001f3   Thumb Code     0  startup_stm32f10x_md.o(.text)
    FLASH_IRQHandler                         0x080001f3   Thumb Code     0  startup_stm32f10x_md.o(.text)
    I2C1_ER_IRQHandler                       0x080001f3   Thumb Code     0  startup_stm32f10x_md.o(.text)
    I2C1_EV_IRQHandler                       0x080001f3   Thumb Code     0  startup_stm32f10x_md.o(.text)
    I2C2_ER_IRQHandler                       0x080001f3   Thumb Code     0  startup_stm32f10x_md.o(.text)
    I2C2_EV_IRQHandler                       0x080001f3   Thumb Code     0  startup_stm32f10x_md.o(.text)
    PVD_IRQHandler                           0x080001f3   Thumb Code     0  startup_stm32f10x_md.o(.text)
    RCC_IRQHandler                           0x080001f3   Thumb Code     0  startup_stm32f10x_md.o(.text)
    RTCAlarm_IRQHandler                      0x080001f3   Thumb Code     0  startup_stm32f10x_md.o(.text)
    RTC_IRQHandler                           0x080001f3   Thumb Code     0  startup_stm32f10x_md.o(.text)
    SPI1_IRQHandler                          0x080001f3   Thumb Code     0  startup_stm32f10x_md.o(.text)
    SPI2_IRQHandler                          0x080001f3   Thumb Code     0  startup_stm32f10x_md.o(.text)
    TAMPER_IRQHandler                        0x080001f3   Thumb Code     0  startup_stm32f10x_md.o(.text)
    TIM1_BRK_IRQHandler                      0x080001f3   Thumb Code     0  startup_stm32f10x_md.o(.text)
    TIM1_CC_IRQHandler                       0x080001f3   Thumb Code     0  startup_stm32f10x_md.o(.text)
    TIM1_TRG_COM_IRQHandler                  0x080001f3   Thumb Code     0  startup_stm32f10x_md.o(.text)
    TIM1_UP_IRQHandler                       0x080001f3   Thumb Code     0  startup_stm32f10x_md.o(.text)
    TIM2_IRQHandler                          0x080001f3   Thumb Code     0  startup_stm32f10x_md.o(.text)
    TIM3_IRQHandler                          0x080001f3   Thumb Code     0  startup_stm32f10x_md.o(.text)
    TIM4_IRQHandler                          0x080001f3   Thumb Code     0  startup_stm32f10x_md.o(.text)
    USART1_IRQHandler                        0x080001f3   Thumb Code     0  startup_stm32f10x_md.o(.text)
    USART2_IRQHandler                        0x080001f3   Thumb Code     0  startup_stm32f10x_md.o(.text)
    USART3_IRQHandler                        0x080001f3   Thumb Code     0  startup_stm32f10x_md.o(.text)
    USBWakeUp_IRQHandler                     0x080001f3   Thumb Code     0  startup_stm32f10x_md.o(.text)
    USB_HP_CAN1_TX_IRQHandler                0x080001f3   Thumb Code     0  startup_stm32f10x_md.o(.text)
    USB_LP_CAN1_RX0_IRQHandler               0x080001f3   Thumb Code     0  startup_stm32f10x_md.o(.text)
    WWDG_IRQHandler                          0x080001f3   Thumb Code     0  startup_stm32f10x_md.o(.text)
    __user_initial_stackheap                 0x080001f5   Thumb Code     0  startup_stm32f10x_md.o(.text)
    __aeabi_uldivmod                         0x08000219   Thumb Code     0  lludivv7m.o(.text)
    _ll_udiv                                 0x08000219   Thumb Code   238  lludivv7m.o(.text)
    __aeabi_llsr                             0x08000307   Thumb Code     0  llushr.o(.text)
    _ll_ushift_r                             0x08000307   Thumb Code    38  llushr.o(.text)
    strlen                                   0x0800032d   Thumb Code    62  strlen.o(.text)
    __use_two_region_memory                  0x0800036b   Thumb Code     2  heapauxi.o(.text)
    __rt_heap_escrow$2region                 0x0800036d   Thumb Code     2  heapauxi.o(.text)
    __rt_heap_expand$2region                 0x0800036f   Thumb Code     2  heapauxi.o(.text)
    __user_setup_stackheap                   0x08000371   Thumb Code    74  sys_stackheap_outer.o(.text)
    exit                                     0x080003bb   Thumb Code    18  exit.o(.text)
    __user_libspace                          0x080003cd   Thumb Code     8  libspace.o(.text)
    __user_perproc_libspace                  0x080003cd   Thumb Code     0  libspace.o(.text)
    __user_perthread_libspace                0x080003cd   Thumb Code     0  libspace.o(.text)
    _sys_exit                                0x080003d5   Thumb Code     8  sys_exit.o(.text)
    __I$use$semihosting                      0x080003e1   Thumb Code     0  use_no_semi.o(.text)
    __use_no_semihosting_swi                 0x080003e1   Thumb Code     2  use_no_semi.o(.text)
    GPIO_Init                                0x080003e3   Thumb Code   278  stm32f10x_gpio.o(i.GPIO_Init)
    __semihosting_library_function           0x080003e3   Thumb Code     0  indicate_semi.o(.text)
    RCC_APB1PeriphClockCmd                   0x080004f9   Thumb Code    26  stm32f10x_rcc.o(i.RCC_APB1PeriphClockCmd)
    RCC_APB2PeriphClockCmd                   0x08000519   Thumb Code    26  stm32f10x_rcc.o(i.RCC_APB2PeriphClockCmd)
    SPI_Cmd                                  0x08000539   Thumb Code    24  stm32f10x_spi.o(i.SPI_Cmd)
    SPI_Init                                 0x08000551   Thumb Code    60  stm32f10x_spi.o(i.SPI_Init)
    Switch                                   0x08000675   Thumb Code  1588  tft_spi.o(i.Switch)
    SystemCoreClockUpdate                    0x08000cc9   Thumb Code   142  system_stm32f10x.o(i.SystemCoreClockUpdate)
    SystemInit                               0x08000d6d   Thumb Code    78  system_stm32f10x.o(i.SystemInit)
    _1508pl8_reg_init                        0x08000dcd   Thumb Code   398  1508pl8_regs.o(i._1508pl8_reg_init)
    _delay_ms                                0x08000f69   Thumb Code    62  stm32_delay_asm.o(i._delay_ms)
    _delay_us                                0x08000fb1   Thumb Code    24  stm32_delay_asm.o(i._delay_us)
    chirp_freq_calc_Mhz                      0x08000fd1   Thumb Code    34  main.o(i.chirp_freq_calc_Mhz)
    chirp_freq_calc_hz                       0x08000ff9   Thumb Code   264  main.o(i.chirp_freq_calc_hz)
    chirp_freq_inc_hz                        0x08001111   Thumb Code   226  main.o(i.chirp_freq_inc_hz)
    chirp_freq_inc_khz                       0x08001201   Thumb Code    42  main.o(i.chirp_freq_inc_khz)
    chirp_input_code_converter               0x08001231   Thumb Code   152  main.o(i.chirp_input_code_converter)
    chirp_stage_duration_calc_ns             0x080012e9   Thumb Code    64  main.o(i.chirp_stage_duration_calc_ns)
    chirp_stage_duration_calc_us             0x08001329   Thumb Code    40  main.o(i.chirp_stage_duration_calc_us)
    delay_init                               0x08001351   Thumb Code    40  stm32_delay_asm.o(i.delay_init)
    gpio_all_outPP                           0x08001385   Thumb Code    52  tft_spi.o(i.gpio_all_outPP)
    gpio_config                              0x080013c5   Thumb Code    28  tft_spi.o(i.gpio_config)
    main                                     0x080013e1   Thumb Code   854  main.o(i.main)
    spi1_init                                0x0800178d   Thumb Code   178  main.o(i.spi1_init)
    spi1_write_reg                           0x08001849   Thumb Code   258  main.o(i.spi1_write_reg)
    tft_7x8                                  0x08001955   Thumb Code   214  tft_spi.o(i.tft_7x8)
    tft_adr                                  0x08001a3d   Thumb Code    10  tft_spi.o(i.tft_adr)
    tft_bgr                                  0x08001a51   Thumb Code   124  tft_spi.o(i.tft_bgr)
    tft_bksps                                0x08001ad9   Thumb Code    52  tft_spi.o(i.tft_bksps)
    tft_clear                                0x08001b15   Thumb Code    28  tft_spi.o(i.tft_clear)
    tft_dec                                  0x08001b3d   Thumb Code   184  tft_spi.o(i.tft_dec)
    tft_dec_value                            0x08001bfd   Thumb Code    24  tft_spi.o(i.tft_dec_value)
    tft_float_dec                            0x08001c15   Thumb Code   190  tft_spi.o(i.tft_float_dec)
    tft_float_dec_value                      0x08001ce1   Thumb Code    32  tft_spi.o(i.tft_float_dec_value)
    tft_hex                                  0x08001d01   Thumb Code   206  tft_spi.o(i.tft_hex)
    tft_hex_value                            0x08001dd9   Thumb Code    24  tft_spi.o(i.tft_hex_value)
    tft_init                                 0x08001df1   Thumb Code   110  tft_spi.o(i.tft_init)
    tft_init_defaults                        0x08001e71   Thumb Code    22  tft_spi.o(i.tft_init_defaults)
    tft_newl                                 0x08001e89   Thumb Code    34  tft_spi.o(i.tft_newl)
    tft_spi_command                          0x08001eb5   Thumb Code   108  tft_spi.o(i.tft_spi_command)
    tft_spi_data                             0x08001f29   Thumb Code   108  tft_spi.o(i.tft_spi_data)
    tft_spi_init                             0x08001f9d   Thumb Code   160  tft_spi.o(i.tft_spi_init)
    tft_w                                    0x08002045   Thumb Code   174  tft_spi.o(i.tft_w)
    __aeabi_dadd                             0x08002101   Thumb Code     0  daddsub_clz.o(x$fpl$dadd)
    _dadd                                    0x08002101   Thumb Code   332  daddsub_clz.o(x$fpl$dadd)
    __fpl_dcmp_Inf                           0x08002251   Thumb Code    24  dcmpi.o(x$fpl$dcmpinf)
    __aeabi_ddiv                             0x08002269   Thumb Code     0  ddiv.o(x$fpl$ddiv)
    _ddiv                                    0x08002269   Thumb Code   552  ddiv.o(x$fpl$ddiv)
    __aeabi_d2uiz                            0x08002519   Thumb Code     0  dfixu.o(x$fpl$dfixu)
    _dfixu                                   0x08002519   Thumb Code    90  dfixu.o(x$fpl$dfixu)
    __aeabi_i2d                              0x08002573   Thumb Code     0  dflt_clz.o(x$fpl$dflt)
    _dflt                                    0x08002573   Thumb Code    46  dflt_clz.o(x$fpl$dflt)
    __aeabi_ui2d                             0x080025a1   Thumb Code     0  dflt_clz.o(x$fpl$dfltu)
    _dfltu                                   0x080025a1   Thumb Code    38  dflt_clz.o(x$fpl$dfltu)
    __aeabi_ul2d                             0x080025c9   Thumb Code     0  dfltll_clz.o(x$fpl$dfltull)
    _ll_uto_d                                0x080025c9   Thumb Code   138  dfltll_clz.o(x$fpl$dfltull)
    __aeabi_cdcmple                          0x08002655   Thumb Code     0  dleqf.o(x$fpl$dleqf)
    _dcmple                                  0x08002655   Thumb Code   120  dleqf.o(x$fpl$dleqf)
    __fpl_dcmple_InfNaN                      0x080026b7   Thumb Code     0  dleqf.o(x$fpl$dleqf)
    __aeabi_dmul                             0x080026cd   Thumb Code     0  dmul.o(x$fpl$dmul)
    _dmul                                    0x080026cd   Thumb Code   332  dmul.o(x$fpl$dmul)
    __fpl_dnaninf                            0x08002821   Thumb Code   156  dnaninf.o(x$fpl$dnaninf)
    __fpl_dretinf                            0x080028bd   Thumb Code    12  dretinf.o(x$fpl$dretinf)
    __aeabi_drsub                            0x080028c9   Thumb Code     0  daddsub_clz.o(x$fpl$drsb)
    _drsb                                    0x080028c9   Thumb Code    22  daddsub_clz.o(x$fpl$drsb)
    __aeabi_dsub                             0x080028e1   Thumb Code     0  daddsub_clz.o(x$fpl$dsub)
    _dsub                                    0x080028e1   Thumb Code   464  daddsub_clz.o(x$fpl$dsub)
    __aeabi_d2ulz                            0x08002ab5   Thumb Code     0  dfixull.o(x$fpl$llufromd)
    _ll_ufrom_d                              0x08002ab5   Thumb Code   120  dfixull.o(x$fpl$llufromd)
    Region$$Table$$Base                      0x08002b2c   Number         0  anon$$obj.o(Region$$Table)
    __I$use$fp                               0x08002b2c   Number         0  usenofp.o(x$fpl$usenofp)
    Region$$Table$$Limit                     0x08002b4c   Number         0  anon$$obj.o(Region$$Table)
    sys_clk_var                              0x20000000   Data           1  stm32_delay_asm.o(.data)
    __ticks                                  0x20000004   Data           4  stm32_delay_asm.o(.data)
    zero                                     0x20000008   Data          20  tft_spi.o(.data)
    uno                                      0x2000001c   Data          20  tft_spi.o(.data)
    two                                      0x20000030   Data          20  tft_spi.o(.data)
    three                                    0x20000044   Data          20  tft_spi.o(.data)
    four                                     0x20000058   Data          20  tft_spi.o(.data)
    five                                     0x2000006c   Data          20  tft_spi.o(.data)
    six                                      0x20000080   Data          20  tft_spi.o(.data)
    seven                                    0x20000094   Data          20  tft_spi.o(.data)
    eight                                    0x200000a8   Data          20  tft_spi.o(.data)
    nine                                     0x200000bc   Data          20  tft_spi.o(.data)
    point                                    0x200000d0   Data          20  tft_spi.o(.data)
    comma                                    0x200000e4   Data          20  tft_spi.o(.data)
    colon                                    0x200000f8   Data          20  tft_spi.o(.data)
    underscore                               0x2000010c   Data          20  tft_spi.o(.data)
    minus                                    0x20000120   Data          20  tft_spi.o(.data)
    plus                                     0x20000134   Data          20  tft_spi.o(.data)
    equals                                   0x20000148   Data          20  tft_spi.o(.data)
    A                                        0x2000015c   Data          20  tft_spi.o(.data)
    B                                        0x20000170   Data          20  tft_spi.o(.data)
    C                                        0x20000184   Data          20  tft_spi.o(.data)
    D                                        0x20000198   Data          20  tft_spi.o(.data)
    E                                        0x200001ac   Data          20  tft_spi.o(.data)
    F                                        0x200001c0   Data          20  tft_spi.o(.data)
    G                                        0x200001d4   Data          20  tft_spi.o(.data)
    H                                        0x200001e8   Data          20  tft_spi.o(.data)
    I                                        0x200001fc   Data          20  tft_spi.o(.data)
    J                                        0x20000210   Data          20  tft_spi.o(.data)
    K                                        0x20000224   Data          20  tft_spi.o(.data)
    L                                        0x20000238   Data          20  tft_spi.o(.data)
    M                                        0x2000024c   Data          20  tft_spi.o(.data)
    N                                        0x20000260   Data          20  tft_spi.o(.data)
    O                                        0x20000274   Data          20  tft_spi.o(.data)
    P                                        0x20000288   Data          20  tft_spi.o(.data)
    Q                                        0x2000029c   Data          20  tft_spi.o(.data)
    R                                        0x200002b0   Data          20  tft_spi.o(.data)
    S                                        0x200002c4   Data          20  tft_spi.o(.data)
    T                                        0x200002d8   Data          20  tft_spi.o(.data)
    U                                        0x200002ec   Data          20  tft_spi.o(.data)
    V                                        0x20000300   Data          20  tft_spi.o(.data)
    W                                        0x20000314   Data          20  tft_spi.o(.data)
    X                                        0x20000328   Data          20  tft_spi.o(.data)
    Y                                        0x2000033c   Data          20  tft_spi.o(.data)
    Z                                        0x20000350   Data          20  tft_spi.o(.data)
    bgR                                      0x20000364   Data           1  tft_spi.o(.data)
    bgG                                      0x20000365   Data           1  tft_spi.o(.data)
    bgB                                      0x20000366   Data           1  tft_spi.o(.data)
    crdX                                     0x20000367   Data           1  tft_spi.o(.data)
    crdY                                     0x20000368   Data           1  tft_spi.o(.data)
    pl8_reg_ptr                              0x2000036c   Data           4  1508pl8_regs.o(.data)
    chirp_buf                                0x20000370   Data           6  main.o(.data)
    SystemCoreClock                          0x20000378   Data           4  system_stm32f10x.o(.data)
    AHBPrescTable                            0x2000037c   Data          16  system_stm32f10x.o(.data)
    num_arr                                  0x2000038c   Data          20  tft_spi.o(.bss)
    pl8_com_regs                             0x200003a0   Data          52  1508pl8_regs.o(.bss)
    pl8_ch1_regs                             0x200003d4   Data        1740  1508pl8_regs.o(.bss)
    __libspace_start                         0x20000aa0   Data          96  libspace.o(.bss)
    __temporary_stack_top$libspace           0x20000b00   Data           0  libspace.o(.bss)



==============================================================================

Memory Map of the image

  Image Entry point : 0x080001d9

  Load Region LR_1 (Base: 0x08000000, Size: 0x00002ed8, Max: 0xffffffff, ABSOLUTE, COMPRESSED[0x00002cbc])

    Execution Region ER_RO (Exec base: 0x08000000, Load base: 0x08000000, Size: 0x00002b4c, Max: 0xffffffff, ABSOLUTE)

    Exec Addr    Load Addr    Size         Type   Attr      Idx    E Section Name        Object

    0x08000000   0x08000000   0x000000ec   Data   RO         1515    RESET               startup_stm32f10x_md.o
    0x080000ec   0x080000ec   0x00000008   Code   RO         1576  * !!!main             c_w.l(__main.o)
    0x080000f4   0x080000f4   0x00000034   Code   RO         1784    !!!scatter          c_w.l(__scatter.o)
    0x08000128   0x08000128   0x00000064   Code   RO         1782    !!dclz77c           c_w.l(__dclz77c.o)
    0x0800018c   0x0800018c   0x0000001c   Code   RO         1786    !!handler_zi        c_w.l(__scatter_zi.o)
    0x080001a8   0x080001a8   0x00000002   Code   RO         1652    .ARM.Collect$$libinit$$00000000  c_w.l(libinit.o)
    0x080001aa   0x080001aa   0x00000000   Code   RO         1665    .ARM.Collect$$libinit$$00000002  c_w.l(libinit2.o)
    0x080001aa   0x080001aa   0x00000000   Code   RO         1667    .ARM.Collect$$libinit$$00000004  c_w.l(libinit2.o)
    0x080001aa   0x080001aa   0x00000000   Code   RO         1670    .ARM.Collect$$libinit$$0000000A  c_w.l(libinit2.o)
    0x080001aa   0x080001aa   0x00000000   Code   RO         1672    .ARM.Collect$$libinit$$0000000C  c_w.l(libinit2.o)
    0x080001aa   0x080001aa   0x00000000   Code   RO         1674    .ARM.Collect$$libinit$$0000000E  c_w.l(libinit2.o)
    0x080001aa   0x080001aa   0x00000000   Code   RO         1677    .ARM.Collect$$libinit$$00000011  c_w.l(libinit2.o)
    0x080001aa   0x080001aa   0x00000000   Code   RO         1679    .ARM.Collect$$libinit$$00000013  c_w.l(libinit2.o)
    0x080001aa   0x080001aa   0x00000000   Code   RO         1681    .ARM.Collect$$libinit$$00000015  c_w.l(libinit2.o)
    0x080001aa   0x080001aa   0x00000000   Code   RO         1683    .ARM.Collect$$libinit$$00000017  c_w.l(libinit2.o)
    0x080001aa   0x080001aa   0x00000000   Code   RO         1685    .ARM.Collect$$libinit$$00000019  c_w.l(libinit2.o)
    0x080001aa   0x080001aa   0x00000000   Code   RO         1687    .ARM.Collect$$libinit$$0000001B  c_w.l(libinit2.o)
    0x080001aa   0x080001aa   0x00000000   Code   RO         1689    .ARM.Collect$$libinit$$0000001D  c_w.l(libinit2.o)
    0x080001aa   0x080001aa   0x00000000   Code   RO         1691    .ARM.Collect$$libinit$$0000001F  c_w.l(libinit2.o)
    0x080001aa   0x080001aa   0x00000000   Code   RO         1693    .ARM.Collect$$libinit$$00000021  c_w.l(libinit2.o)
    0x080001aa   0x080001aa   0x00000000   Code   RO         1695    .ARM.Collect$$libinit$$00000023  c_w.l(libinit2.o)
    0x080001aa   0x080001aa   0x00000000   Code   RO         1697    .ARM.Collect$$libinit$$00000025  c_w.l(libinit2.o)
    0x080001aa   0x080001aa   0x00000000   Code   RO         1701    .ARM.Collect$$libinit$$0000002C  c_w.l(libinit2.o)
    0x080001aa   0x080001aa   0x00000000   Code   RO         1703    .ARM.Collect$$libinit$$0000002E  c_w.l(libinit2.o)
    0x080001aa   0x080001aa   0x00000000   Code   RO         1705    .ARM.Collect$$libinit$$00000030  c_w.l(libinit2.o)
    0x080001aa   0x080001aa   0x00000000   Code   RO         1707    .ARM.Collect$$libinit$$00000032  c_w.l(libinit2.o)
    0x080001aa   0x080001aa   0x00000002   Code   RO         1708    .ARM.Collect$$libinit$$00000033  c_w.l(libinit2.o)
    0x080001ac   0x080001ac   0x00000002   Code   RO         1739    .ARM.Collect$$libshutdown$$00000000  c_w.l(libshutdown.o)
    0x080001ae   0x080001ae   0x00000000   Code   RO         1765    .ARM.Collect$$libshutdown$$00000002  c_w.l(libshutdown2.o)
    0x080001ae   0x080001ae   0x00000000   Code   RO         1767    .ARM.Collect$$libshutdown$$00000004  c_w.l(libshutdown2.o)
    0x080001ae   0x080001ae   0x00000000   Code   RO         1770    .ARM.Collect$$libshutdown$$00000007  c_w.l(libshutdown2.o)
    0x080001ae   0x080001ae   0x00000000   Code   RO         1773    .ARM.Collect$$libshutdown$$0000000A  c_w.l(libshutdown2.o)
    0x080001ae   0x080001ae   0x00000000   Code   RO         1775    .ARM.Collect$$libshutdown$$0000000C  c_w.l(libshutdown2.o)
    0x080001ae   0x080001ae   0x00000000   Code   RO         1778    .ARM.Collect$$libshutdown$$0000000F  c_w.l(libshutdown2.o)
    0x080001ae   0x080001ae   0x00000002   Code   RO         1779    .ARM.Collect$$libshutdown$$00000010  c_w.l(libshutdown2.o)
    0x080001b0   0x080001b0   0x00000000   Code   RO         1610    .ARM.Collect$$rtentry$$00000000  c_w.l(__rtentry.o)
    0x080001b0   0x080001b0   0x00000000   Code   RO         1623    .ARM.Collect$$rtentry$$00000002  c_w.l(__rtentry2.o)
    0x080001b0   0x080001b0   0x00000006   Code   RO         1635    .ARM.Collect$$rtentry$$00000004  c_w.l(__rtentry4.o)
    0x080001b6   0x080001b6   0x00000000   Code   RO         1625    .ARM.Collect$$rtentry$$00000009  c_w.l(__rtentry2.o)
    0x080001b6   0x080001b6   0x00000004   Code   RO         1626    .ARM.Collect$$rtentry$$0000000A  c_w.l(__rtentry2.o)
    0x080001ba   0x080001ba   0x00000000   Code   RO         1628    .ARM.Collect$$rtentry$$0000000C  c_w.l(__rtentry2.o)
    0x080001ba   0x080001ba   0x00000008   Code   RO         1629    .ARM.Collect$$rtentry$$0000000D  c_w.l(__rtentry2.o)
    0x080001c2   0x080001c2   0x00000002   Code   RO         1656    .ARM.Collect$$rtexit$$00000000  c_w.l(rtexit.o)
    0x080001c4   0x080001c4   0x00000000   Code   RO         1712    .ARM.Collect$$rtexit$$00000002  c_w.l(rtexit2.o)
    0x080001c4   0x080001c4   0x00000004   Code   RO         1713    .ARM.Collect$$rtexit$$00000003  c_w.l(rtexit2.o)
    0x080001c8   0x080001c8   0x00000006   Code   RO         1714    .ARM.Collect$$rtexit$$00000004  c_w.l(rtexit2.o)
    0x080001ce   0x080001ce   0x00000002   PAD
    0x080001d0   0x080001d0   0x00000006   Code   RO            4    .emb_text           stm32_delay_asm.o
    0x080001d6   0x080001d6   0x00000002   PAD
    0x080001d8   0x080001d8   0x00000040   Code   RO         1516  * .text               startup_stm32f10x_md.o
    0x08000218   0x08000218   0x000000ee   Code   RO         1568    .text               c_w.l(lludivv7m.o)
    0x08000306   0x08000306   0x00000026   Code   RO         1570    .text               c_w.l(llushr.o)
    0x0800032c   0x0800032c   0x0000003e   Code   RO         1572    .text               c_w.l(strlen.o)
    0x0800036a   0x0800036a   0x00000006   Code   RO         1574    .text               c_w.l(heapauxi.o)
    0x08000370   0x08000370   0x0000004a   Code   RO         1639    .text               c_w.l(sys_stackheap_outer.o)
    0x080003ba   0x080003ba   0x00000012   Code   RO         1641    .text               c_w.l(exit.o)
    0x080003cc   0x080003cc   0x00000008   Code   RO         1653    .text               c_w.l(libspace.o)
    0x080003d4   0x080003d4   0x0000000c   Code   RO         1709    .text               c_w.l(sys_exit.o)
    0x080003e0   0x080003e0   0x00000002   Code   RO         1728    .text               c_w.l(use_no_semi.o)
    0x080003e2   0x080003e2   0x00000000   Code   RO         1730    .text               c_w.l(indicate_semi.o)
    0x080003e2   0x080003e2   0x00000116   Code   RO          468    i.GPIO_Init         stm32f10x_gpio.o
    0x080004f8   0x080004f8   0x00000020   Code   RO          590    i.RCC_APB1PeriphClockCmd  stm32f10x_rcc.o
    0x08000518   0x08000518   0x00000020   Code   RO          592    i.RCC_APB2PeriphClockCmd  stm32f10x_rcc.o
    0x08000538   0x08000538   0x00000018   Code   RO          805    i.SPI_Cmd           stm32f10x_spi.o
    0x08000550   0x08000550   0x0000003c   Code   RO          818    i.SPI_Init          stm32f10x_spi.o
    0x0800058c   0x0800058c   0x00000008   Code   RO         1523    i.SetSysClock       system_stm32f10x.o
    0x08000594   0x08000594   0x000000e0   Code   RO         1524    i.SetSysClockTo72   system_stm32f10x.o
    0x08000674   0x08000674   0x00000654   Code   RO           97    i.Switch            tft_spi.o
    0x08000cc8   0x08000cc8   0x000000a4   Code   RO         1525    i.SystemCoreClockUpdate  system_stm32f10x.o
    0x08000d6c   0x08000d6c   0x00000060   Code   RO         1526    i.SystemInit        system_stm32f10x.o
    0x08000dcc   0x08000dcc   0x0000019c   Code   RO          277    i._1508pl8_reg_init  1508pl8_regs.o
    0x08000f68   0x08000f68   0x00000048   Code   RO            5    i._delay_ms         stm32_delay_asm.o
    0x08000fb0   0x08000fb0   0x00000020   Code   RO            6    i._delay_us         stm32_delay_asm.o
    0x08000fd0   0x08000fd0   0x00000028   Code   RO          299    i.chirp_freq_calc_Mhz  main.o
    0x08000ff8   0x08000ff8   0x00000118   Code   RO          300    i.chirp_freq_calc_hz  main.o
    0x08001110   0x08001110   0x000000f0   Code   RO          303    i.chirp_freq_inc_hz  main.o
    0x08001200   0x08001200   0x00000030   Code   RO          304    i.chirp_freq_inc_khz  main.o
    0x08001230   0x08001230   0x000000b8   Code   RO          305    i.chirp_input_code_converter  main.o
    0x080012e8   0x080012e8   0x00000040   Code   RO          307    i.chirp_stage_duration_calc_ns  main.o
    0x08001328   0x08001328   0x00000028   Code   RO          309    i.chirp_stage_duration_calc_us  main.o
    0x08001350   0x08001350   0x00000034   Code   RO            7    i.delay_init        stm32_delay_asm.o
    0x08001384   0x08001384   0x00000040   Code   RO           99    i.gpio_all_outPP    tft_spi.o
    0x080013c4   0x080013c4   0x0000001c   Code   RO          100    i.gpio_config       tft_spi.o
    0x080013e0   0x080013e0   0x000003ac   Code   RO          310    i.main              main.o
    0x0800178c   0x0800178c   0x000000bc   Code   RO          311    i.spi1_init         main.o
    0x08001848   0x08001848   0x0000010c   Code   RO          313    i.spi1_write_reg    main.o
    0x08001954   0x08001954   0x000000e8   Code   RO          101    i.tft_7x8           tft_spi.o
    0x08001a3c   0x08001a3c   0x00000014   Code   RO          102    i.tft_adr           tft_spi.o
    0x08001a50   0x08001a50   0x00000088   Code   RO          103    i.tft_bgr           tft_spi.o
    0x08001ad8   0x08001ad8   0x0000003c   Code   RO          104    i.tft_bksps         tft_spi.o
    0x08001b14   0x08001b14   0x00000028   Code   RO          105    i.tft_clear         tft_spi.o
    0x08001b3c   0x08001b3c   0x000000c0   Code   RO          106    i.tft_dec           tft_spi.o
    0x08001bfc   0x08001bfc   0x00000018   Code   RO          107    i.tft_dec_value     tft_spi.o
    0x08001c14   0x08001c14   0x000000cc   Code   RO          108    i.tft_float_dec     tft_spi.o
    0x08001ce0   0x08001ce0   0x00000020   Code   RO          109    i.tft_float_dec_value  tft_spi.o
    0x08001d00   0x08001d00   0x000000d8   Code   RO          110    i.tft_hex           tft_spi.o
    0x08001dd8   0x08001dd8   0x00000018   Code   RO          111    i.tft_hex_value     tft_spi.o
    0x08001df0   0x08001df0   0x00000080   Code   RO          112    i.tft_init          tft_spi.o
    0x08001e70   0x08001e70   0x00000016   Code   RO          113    i.tft_init_defaults  tft_spi.o
    0x08001e86   0x08001e86   0x00000002   PAD
    0x08001e88   0x08001e88   0x0000002c   Code   RO          114    i.tft_newl          tft_spi.o
    0x08001eb4   0x08001eb4   0x00000074   Code   RO          116    i.tft_spi_command   tft_spi.o
    0x08001f28   0x08001f28   0x00000074   Code   RO          117    i.tft_spi_data      tft_spi.o
    0x08001f9c   0x08001f9c   0x000000a8   Code   RO          118    i.tft_spi_init      tft_spi.o
    0x08002044   0x08002044   0x000000bc   Code   RO          119    i.tft_w             tft_spi.o
    0x08002100   0x08002100   0x00000150   Code   RO         1578    x$fpl$dadd          fz_ws.l(daddsub_clz.o)
    0x08002250   0x08002250   0x00000018   Code   RO         1615    x$fpl$dcmpinf       fz_ws.l(dcmpi.o)
    0x08002268   0x08002268   0x000002b0   Code   RO         1585    x$fpl$ddiv          fz_ws.l(ddiv.o)
    0x08002518   0x08002518   0x0000005a   Code   RO         1588    x$fpl$dfixu         fz_ws.l(dfixu.o)
    0x08002572   0x08002572   0x0000002e   Code   RO         1597    x$fpl$dflt          fz_ws.l(dflt_clz.o)
    0x080025a0   0x080025a0   0x00000026   Code   RO         1596    x$fpl$dfltu         fz_ws.l(dflt_clz.o)
    0x080025c6   0x080025c6   0x00000002   PAD
    0x080025c8   0x080025c8   0x0000008a   Code   RO         1603    x$fpl$dfltull       fz_ws.l(dfltll_clz.o)
    0x08002652   0x08002652   0x00000002   PAD
    0x08002654   0x08002654   0x00000078   Code   RO         1606    x$fpl$dleqf         fz_ws.l(dleqf.o)
    0x080026cc   0x080026cc   0x00000154   Code   RO         1608    x$fpl$dmul          fz_ws.l(dmul.o)
    0x08002820   0x08002820   0x0000009c   Code   RO         1617    x$fpl$dnaninf       fz_ws.l(dnaninf.o)
    0x080028bc   0x080028bc   0x0000000c   Code   RO         1619    x$fpl$dretinf       fz_ws.l(dretinf.o)
    0x080028c8   0x080028c8   0x00000016   Code   RO         1579    x$fpl$drsb          fz_ws.l(daddsub_clz.o)
    0x080028de   0x080028de   0x00000002   PAD
    0x080028e0   0x080028e0   0x000001d4   Code   RO         1580    x$fpl$dsub          fz_ws.l(daddsub_clz.o)
    0x08002ab4   0x08002ab4   0x00000078   Code   RO         1592    x$fpl$llufromd      fz_ws.l(dfixull.o)
    0x08002b2c   0x08002b2c   0x00000000   Code   RO         1621    x$fpl$usenofp       fz_ws.l(usenofp.o)
    0x08002b2c   0x08002b2c   0x00000020   Data   RO         1780    Region$$Table       anon$$obj.o


    Execution Region ER_RW (Exec base: 0x20000000, Load base: 0x08002b4c, Size: 0x0000038c, Max: 0xffffffff, ABSOLUTE, COMPRESSED[0x00000170])

    Exec Addr    Load Addr    Size         Type   Attr      Idx    E Section Name        Object

    0x20000000   COMPRESSED   0x00000008   Data   RW            8    .data               stm32_delay_asm.o
    0x20000008   COMPRESSED   0x00000361   Data   RW          122    .data               tft_spi.o
    0x20000369   COMPRESSED   0x00000003   PAD
    0x2000036c   COMPRESSED   0x00000004   Data   RW          279    .data               1508pl8_regs.o
    0x20000370   COMPRESSED   0x00000006   Data   RW          314    .data               main.o
    0x20000376   COMPRESSED   0x00000002   PAD
    0x20000378   COMPRESSED   0x00000014   Data   RW         1527    .data               system_stm32f10x.o


    Execution Region ER_ZI (Exec base: 0x2000038c, Load base: 0x08002cbc, Size: 0x00000d74, Max: 0xffffffff, ABSOLUTE)

    Exec Addr    Load Addr    Size         Type   Attr      Idx    E Section Name        Object

    0x2000038c        -       0x00000014   Zero   RW          121    .bss                tft_spi.o
    0x200003a0        -       0x00000700   Zero   RW          278    .bss                1508pl8_regs.o
    0x20000aa0        -       0x00000060   Zero   RW         1654    .bss                c_w.l(libspace.o)
    0x20000b00        -       0x00000200   Zero   RW         1514    HEAP                startup_stm32f10x_md.o
    0x20000d00        -       0x00000400   Zero   RW         1513    STACK               startup_stm32f10x_md.o


==============================================================================

Image component sizes


      Code (inc. data)   RO Data    RW Data    ZI Data      Debug   Object Name

       412         14          0          4       1792       2716   1508pl8_regs.o
      2292        180          0          6          0       7447   main.o
        64         26        236          0       1536        824   startup_stm32f10x_md.o
       162         30          0          8          0     223903   stm32_delay_asm.o
       278          0          0          0          0       2080   stm32f10x_gpio.o
        64         12          0          0          0       1210   stm32f10x_rcc.o
        84          0          0          0          0       2285   stm32f10x_spi.o
       492         50          0         20          0       2997   system_stm32f10x.o
      3674        448          0        865         20      18615   tft_spi.o

    ----------------------------------------------------------------------
      7526        760        268        908       3348     262077   Object Totals
         0          0         32          0          0          0   (incl. Generated)
         4          0          0          5          0          0   (incl. Padding)

    ----------------------------------------------------------------------

      Code (inc. data)   RO Data    RW Data    ZI Data      Debug   Library Member Name

       100          0          0          0          0          0   __dclz77c.o
         8          0          0          0          0         68   __main.o
         0          0          0          0          0          0   __rtentry.o
        12          0          0          0          0          0   __rtentry2.o
         6          0          0          0          0          0   __rtentry4.o
        52          8          0          0          0          0   __scatter.o
        28          0          0          0          0          0   __scatter_zi.o
        18          0          0          0          0         80   exit.o
         6          0          0          0          0        152   heapauxi.o
         0          0          0          0          0          0   indicate_semi.o
         2          0          0          0          0          0   libinit.o
         2          0          0          0          0          0   libinit2.o
         2          0          0          0          0          0   libshutdown.o
         2          0          0          0          0          0   libshutdown2.o
         8          4          0          0         96         68   libspace.o
       238          0          0          0          0        100   lludivv7m.o
        38          0          0          0          0         68   llushr.o
         2          0          0          0          0          0   rtexit.o
        10          0          0          0          0          0   rtexit2.o
        62          0          0          0          0         76   strlen.o
        12          4          0          0          0         68   sys_exit.o
        74          0          0          0          0         80   sys_stackheap_outer.o
         2          0          0          0          0         68   use_no_semi.o
       826         16          0          0          0        348   daddsub_clz.o
        24          0          0          0          0         68   dcmpi.o
       688        140          0          0          0        208   ddiv.o
        90          4          0          0          0         92   dfixu.o
       120          4          0          0          0        104   dfixull.o
        84          0          0          0          0        136   dflt_clz.o
       138          0          0          0          0         84   dfltll_clz.o
       120          4          0          0          0         92   dleqf.o
       340         12          0          0          0        104   dmul.o
       156          4          0          0          0         92   dnaninf.o
        12          0          0          0          0         68   dretinf.o
         0          0          0          0          0          0   usenofp.o

    ----------------------------------------------------------------------
      3290        200          0          0         96       2224   Library Totals
         8          0          0          0          0          0   (incl. Padding)

    ----------------------------------------------------------------------

      Code (inc. data)   RO Data    RW Data    ZI Data      Debug   Library Name

       684         16          0          0         96        828   c_w.l
      2598        184          0          0          0       1396   fz_ws.l

    ----------------------------------------------------------------------
      3290        200          0          0         96       2224   Library Totals

    ----------------------------------------------------------------------

==============================================================================


      Code (inc. data)   RO Data    RW Data    ZI Data      Debug   

     10816        960        268        908       3444     261073   Grand Totals
     10816        960        268        368       3444     261073   ELF Image Totals (compressed)
     10816        960        268        368          0          0   ROM Totals

==============================================================================

    Total RO  Size (Code + RO Data)                11084 (  10.82kB)
    Total RW  Size (RW Data + ZI Data)              4352 (   4.25kB)
    Total ROM Size (Code + RO Data + RW Data)      11452 (  11.18kB)

==============================================================================

